     VMA      LMA     Size Align Out     In      Symbol
       0        0  1000000     1 . = 0x1000000
 1000000  1000000      32e     2 .text
 1000000  1000000        e     2         /tmp/user-5b8721.o:(.text.start)
 1000000  1000000        0     1                 
 1000000  1000000        0     1                 
 1000000  1000000        0     1                 $x.0
 1000000  1000000        0     1                 
 1000000  1000000        e     1                 start
 100000e  100000e        0     1                 
 100000e  100000e        0     1                 
 100000e  100000e        0     2         /tmp/user-5b8721.o:(.text)
 100000e  100000e       92     2         /tmp/user_syscall-f5d2ff.o:(.text)
 100000e  100000e        0     1                 
 100000e  100000e        0     1                 
 100000e  100000e        0     1                 $x.0
 100000e  100000e        0     1                 
 100000e  100000e       10     1                 syscall
 1000010  1000010        0     1                 
 100001c  100001c        0     1                 
 100001e  100001e        0     1                 
 100001e  100001e        0     1                 
 100001e  100001e        0     1                 
 100001e  100001e        c     1                 putchar
 1000028  1000028        0     1                 
 100002a  100002a        0     1                 
 100002a  100002a        0     1                 
 100002a  100002a        0     1                 
 100002a  100002a        e     1                 getchar
 1000036  1000036        0     1                 
 1000038  1000038        0     1                 
 1000038  1000038        0     1                 
 1000038  1000038        0     1                 
 1000038  1000038        a     1                 ps
 1000040  1000040        0     1                 
 1000042  1000042        0     1                 
 1000042  1000042        0     1                 
 1000042  1000042        0     1                 
 1000042  1000042        c     1                 clone
 100004c  100004c        0     1                 
 100004e  100004e        0     1                 
 100004e  100004e        0     1                 
 100004e  100004e        0     1                 
 100004e  100004e        c     1                 spawn
 1000058  1000058        0     1                 
 100005a  100005a        0     1                 
 100005a  100005a        0     1                 
 100005a  100005a        0     1                 
 100005a  100005a        c     1                 waitpid
 1000064  1000064        0     1                 
 1000066  1000066        0     1                 
 1000066  1000066        0     1                 
 1000066  1000066        0     1                 
 1000066  1000066        a     1                 ipc_send
 100006e  100006e        0     1                 
 1000070  1000070        0     1                 
 1000070  1000070        0     1                 
 1000070  1000070        0     1                 
 1000070  1000070        c     1                 ipc_recv
 100007a  100007a        0     1                 
 100007c  100007c        0     1                 
 100007c  100007c        0     1                 
 100007c  100007c        0     1                 
 100007c  100007c        c     1                 bitmap
 1000086  1000086        0     1                 
 1000088  1000088        0     1                 
 1000088  1000088        0     1                 
 1000088  1000088        0     1                 
 1000088  1000088        c     1                 kill
 1000092  1000092        0     1                 
 1000094  1000094        0     1                 
 1000094  1000094        0     1                 
 1000094  1000094        0     1                 
 1000094  1000094        c     1                 exit
 10000a0  10000a0        0     1                 
 10000a0  10000a0       3c     2         /tmp/main-0a0885.o:(.text)
 10000a0  10000a0        0     1                 
 10000a0  10000a0        0     1                 
 10000a0  10000a0        0     1                 $x.0
 10000a0  10000a0        0     1                 
 10000a0  10000a0       3c     1                 main
 10000a8  10000a8        0     1                 
 10000b2  10000b2        0     1                 
 10000b2  10000b2        0     1                 
 10000c4  10000c4        0     1                 .LBB0_1
 10000c4  10000c4        0     1                 
 10000c4  10000c4        0     1                 
 10000c6  10000c6        0     1                 
 10000c8  10000c8        0     1                 .LBB0_2
 10000c8  10000c8        0     1                 
 10000c8  10000c8        0     1                 
 10000ca  10000ca        0     1                 
 10000ce  10000ce        0     1                 
 10000ce  10000ce        0     1                 
 10000d2  10000d2        0     1                 
 10000d4  10000d4        0     1                 
 10000d4  10000d4        0     1                 
 10000d6  10000d6        0     1                 
 10000da  10000da        0     1                 
 10000da  10000da        0     1                 
 10000dc  10000dc        0     1                 
 10000dc  10000dc        0     1                 
 10000dc  10000dc        0     1                 
 10000dc  10000dc      252     2         /tmp/commonlibs-4afd1f.o:(.text)
 10000dc  10000dc        0     1                 
 10000dc  10000dc        0     1                 
 10000dc  10000dc        0     1                 $x.0
 10000dc  10000dc        0     1                 
 10000dc  10000dc      1a6     1                 printf
 100010a  100010a        0     1                 
 1000132  1000132        0     1                 .LBB0_1
 1000132  1000132        0     1                 
 1000136  1000136        0     1                 .LBB0_2
 1000136  1000136        0     1                 
 1000138  1000138        0     1                 .LBB0_3
 1000138  1000138        0     1                 
 100013c  100013c        0     1                 
 1000144  1000144        0     1                 .LBB0_5
 1000144  1000144        0     1                 
 1000146  1000146        0     1                 
 1000146  1000146        0     1                 
 1000148  1000148        0     1                 
 100014a  100014a        0     1                 .LBB0_6
 100014a  100014a        0     1                 
 100014e  100014e        0     1                 
 1000150  1000150        0     1                 
 1000160  1000160        0     1                 
 1000160  1000160        0     1                 
 100016c  100016c        0     1                 
 100016c  100016c        0     1                 
 1000170  1000170        0     1                 
 1000170  1000170        0     1                 
 1000172  1000172        0     1                 
 1000178  1000178        0     1                 .LBB0_11
 1000178  1000178        0     1                 
 1000178  1000178        0     1                 
 1000180  1000180        0     1                 
 1000180  1000180        0     1                 
 100018a  100018a        0     1                 
 100018a  100018a        0     1                 
 100018e  100018e        0     1                 
 100018e  100018e        0     1                 
 1000190  1000190        0     1                 
 1000194  1000194        0     1                 
 1000196  1000196        0     1                 
 1000196  1000196        0     1                 
 100019c  100019c        0     1                 
 100019c  100019c        0     1                 
 100019e  100019e        0     1                 
 10001a2  10001a2        0     1                 
 10001a4  10001a4        0     1                 
 10001a4  10001a4        0     1                 
 10001aa  10001aa        0     1                 
 10001aa  10001aa        0     1                 
 10001ac  10001ac        0     1                 
 10001b0  10001b0        0     1                 
 10001b2  10001b2        0     1                 
 10001b2  10001b2        0     1                 
 10001b8  10001b8        0     1                 
 10001b8  10001b8        0     1                 
 10001ba  10001ba        0     1                 
 10001be  10001be        0     1                 
 10001c0  10001c0        0     1                 
 10001c0  10001c0        0     1                 
 10001c6  10001c6        0     1                 
 10001c6  10001c6        0     1                 
 10001c8  10001c8        0     1                 
 10001cc  10001cc        0     1                 
 10001ce  10001ce        0     1                 
 10001ce  10001ce        0     1                 
 10001d4  10001d4        0     1                 
 10001d4  10001d4        0     1                 
 10001d6  10001d6        0     1                 
 10001da  10001da        0     1                 
 10001dc  10001dc        0     1                 
 10001dc  10001dc        0     1                 
 10001e2  10001e2        0     1                 
 10001e2  10001e2        0     1                 
 10001e4  10001e4        0     1                 
 10001e8  10001e8        0     1                 
 10001ea  10001ea        0     1                 
 10001ea  10001ea        0     1                 
 10001ec  10001ec        0     1                 
 10001ec  10001ec        0     1                 
 10001ee  10001ee        0     1                 
 10001f2  10001f2        0     1                 
 10001f2  10001f2        0     1                 
 10001f4  10001f4        0     1                 
 10001f4  10001f4        0     1                 
 10001f6  10001f6        0     1                 
 10001f8  10001f8        0     1                 .LBB0_14
 10001f8  10001f8        0     1                 
 10001f8  10001f8        0     1                 
 1000202  1000202        0     1                 
 1000202  1000202        0     1                 
 1000206  1000206        0     1                 
 100020c  100020c        0     1                 
 100020c  100020c        0     1                 .LBB0_16
 100020c  100020c        0     1                 
 1000212  1000212        0     1                 
 1000212  1000212        0     1                 
 1000216  1000216        0     1                 
 1000218  1000218        0     1                 
 100021c  100021c        0     1                 .LBB0_17
 100021c  100021c        0     1                 
 100021c  100021c        0     1                 
 1000222  1000222        0     1                 
 1000222  1000222        0     1                 
 1000226  1000226        0     1                 
 1000226  1000226        0     1                 
 1000228  1000228        0     1                 
 100022c  100022c        0     1                 .LBB0_18
 100022c  100022c        0     1                 
 100022e  100022e        0     1                 
 100022e  100022e        0     1                 .LBB0_19
 100022e  100022e        0     1                 
 1000232  1000232        0     1                 
 1000236  1000236        0     1                 
 100023a  100023a        0     1                 .LBB0_20
 100023a  100023a        0     1                 
 100023a  100023a        0     1                 
 100023c  100023c        0     1                 
 100023c  100023c        0     1                 
 1000240  1000240        0     1                 
 1000244  1000244        0     1                 
 100024a  100024a        0     1                 
 100024a  100024a        0     1                 
 1000252  1000252        0     1                 
 1000258  1000258        0     1                 
 1000258  1000258        0     1                 
 100025e  100025e        0     1                 .LBB0_21
 100025e  100025e        0     1                 
 100025e  100025e        0     1                 
 1000264  1000264        0     1                 .LBB0_22
 1000264  1000264        0     1                 
 1000264  1000264        0     1                 
 1000268  1000268        0     1                 
 100027e  100027e        0     1                 
 1000282  1000282        0     1                 
 1000282  1000282        0     1                 
 1000282  1000282        0     1                 
 1000282  1000282        0     1                 
 1000282  1000282        0     1                 
 1000282  1000282       1c     1                 memcpy
 1000286  1000286        0     1                 
 1000286  1000286        0     1                 
 1000288  1000288        0     1                 
 1000288  1000288        0     1                 .LBB1_2
 1000288  1000288        0     1                 
 100028c  100028c        0     1                 
 100028e  100028e        0     1                 
 1000292  1000292        0     1                 
 1000292  1000292        0     1                 
 1000296  1000296        0     1                 
 1000298  1000298        0     1                 
 1000298  1000298        0     1                 
 100029c  100029c        0     1                 .LBB1_3
 100029c  100029c        0     1                 
 100029c  100029c        0     1                 
 100029e  100029e        0     1                 
 100029e  100029e        0     1                 
 100029e  100029e        0     1                 
 100029e  100029e        0     1                 
 100029e  100029e        0     1                 
 100029e  100029e       16     1                 memset
 10002a2  10002a2        0     1                 
 10002a2  10002a2        0     1                 
 10002a4  10002a4        0     1                 
 10002a4  10002a4        0     1                 .LBB2_2
 10002a4  10002a4        0     1                 
 10002a8  10002a8        0     1                 
 10002a8  10002a8        0     1                 
 10002ac  10002ac        0     1                 
 10002ae  10002ae        0     1                 
 10002ae  10002ae        0     1                 
 10002b2  10002b2        0     1                 .LBB2_3
 10002b2  10002b2        0     1                 
 10002b2  10002b2        0     1                 
 10002b4  10002b4        0     1                 
 10002b4  10002b4        0     1                 
 10002b4  10002b4        0     1                 
 10002b4  10002b4        0     1                 
 10002b4  10002b4        0     1                 
 10002b4  10002b4       24     1                 strcpy
 10002ba  10002ba        0     1                 
 10002be  10002be        0     1                 
 10002be  10002be        0     1                 
 10002c0  10002c0        0     1                 
 10002c0  10002c0        0     1                 .LBB3_2
 10002c0  10002c0        0     1                 
 10002c4  10002c4        0     1                 
 10002c8  10002c8        0     1                 
 10002cc  10002cc        0     1                 
 10002cc  10002cc        0     1                 
 10002ce  10002ce        0     1                 
 10002ce  10002ce        0     1                 
 10002d0  10002d0        0     1                 
 10002d2  10002d2        0     1                 .LBB3_3
 10002d2  10002d2        0     1                 
 10002d2  10002d2        0     1                 
 10002d6  10002d6        0     1                 
 10002d8  10002d8        0     1                 
 10002d8  10002d8        0     1                 
 10002d8  10002d8        0     1                 
 10002d8  10002d8        0     1                 
 10002d8  10002d8        0     1                 
 10002d8  10002d8       28     1                 strcpy_s
 10002da  10002da        0     1                 
 10002e2  10002e2        0     1                 
 10002e2  10002e2        0     1                 .LBB4_2
 10002e2  10002e2        0     1                 
 10002e6  10002e6        0     1                 
 10002ea  10002ea        0     1                 
 10002ea  10002ea        0     1                 
 10002ee  10002ee        0     1                 
 10002ee  10002ee        0     1                 
 10002f2  10002f2        0     1                 
 10002f6  10002f6        0     1                 
 10002f6  10002f6        0     1                 
 10002fa  10002fa        0     1                 .LBB4_3
 10002fa  10002fa        0     1                 
 10002fa  10002fa        0     1                 
 10002fe  10002fe        0     1                 
 1000300  1000300        0     1                 
 1000300  1000300        0     1                 
 1000300  1000300        0     1                 
 1000300  1000300        0     1                 
 1000300  1000300        0     1                 
 1000300  1000300       2e     1                 strcmp
 1000304  1000304        0     1                 
 1000306  1000306        0     1                 
 1000308  1000308        0     1                 
 1000308  1000308        0     1                 .LBB5_2
 1000308  1000308        0     1                 
 1000310  1000310        0     1                 
 1000314  1000314        0     1                 
 1000314  1000314        0     1                 
 1000318  1000318        0     1                 
 100031a  100031a        0     1                 
 100031c  100031c        0     1                 
 100031e  100031e        0     1                 .LBB5_4
 100031e  100031e        0     1                 
 1000324  1000324        0     1                 .LBB5_5
 1000324  1000324        0     1                 
 1000324  1000324        0     1                 
 1000326  1000326        0     1                 .LBB5_6
 1000326  1000326        0     1                 
 1000326  1000326        0     1                 
 100032a  100032a        0     1                 
 100032a  100032a        0     1                 
 100032c  100032c        0     1                 
 100032e  100032e        0     1                 
 100032e  100032e        0     1                 
 1000330  1000330       4e     4 .rodata
 1000330  1000330       4e     1         <internal>:(.rodata.str1.1)
 1000380  1000380    10000     4 .bss
 1000380  1000380        0     1         . = ALIGN ( 16 )
 1000380  1000380    10000     1         . += 64 * 1024
 1010380  1010380        0     1         __stack_top = .
 1010380  1010380        0     1         
       0        0      36f     1 .debug_abbrev
       0        0       2c     1         /tmp/user-5b8721.o:(.debug_abbrev)
       0        0        0     1                 $d.1
      2c       2c      14c     1         /tmp/user_syscall-f5d2ff.o:(.debug_abbrev)
      2c       2c        0     1                 $d.2
     178      178       cf     1         /tmp/main-0a0885.o:(.debug_abbrev)
     178      178        0     1                 $d.3
     247      247      128     1         /tmp/commonlibs-4afd1f.o:(.debug_abbrev)
     247      247        0     1                 $d.3
       0        0      ab3     1 .debug_info
       0        0       38     1         /tmp/user-5b8721.o:(.debug_info)
       0        0        0     1                 $d.2
      38       38      5ee     1         /tmp/user_syscall-f5d2ff.o:(.debug_info)
      38       38        0     1                 $d.3
     626      626      112     1         /tmp/main-0a0885.o:(.debug_info)
     626      626        0     1                 $d.4
     738      738      37b     1         /tmp/commonlibs-4afd1f.o:(.debug_info)
     738      738        0     1                 $d.4
       0        0      260     1 .debug_str
       0        0      260     1         <internal>:(.debug_str)
       0        0       42     1 .comment
       0        0       42     1         <internal>:(.comment)
       0        0       2b     1 .riscv.attributes
       0        0       2b     1         <internal>:(.riscv.attributes)
       0        0      1bc     4 .debug_frame
       0        0       24     4         /tmp/user-5b8721.o:(.debug_frame)
       0        0        0     1                 
       0        0        0     1                 $d.6
      24       24       d4     4         /tmp/user_syscall-f5d2ff.o:(.debug_frame)
      24       24        0     1                 
      24       24        0     1                 $d.7
      f8       f8       30     4         /tmp/main-0a0885.o:(.debug_frame)
      f8       f8        0     1                 
      f8       f8        0     1                 $d.8
     128      128       94     4         /tmp/commonlibs-4afd1f.o:(.debug_frame)
     128      128        0     1                 
     128      128        0     1                 $d.9
       0        0      671     1 .debug_line
       0        0       4c     1         /tmp/user-5b8721.o:(.debug_line)
       0        0        0     1                 .Lline_table_start0
       0        0        0     1                 $d.7
      4c       4c      108     1         /tmp/user_syscall-f5d2ff.o:(.debug_line)
      4c       4c        0     1                 .Lline_table_start0
      4c       4c        0     1                 $d.8
     154      154       e0     1         /tmp/main-0a0885.o:(.debug_line)
     154      154        0     1                 .Lline_table_start0
     154      154        0     1                 $d.9
     234      234      43d     1         /tmp/commonlibs-4afd1f.o:(.debug_line)
     234      234        0     1                 .Lline_table_start0
     234      234        0     1                 $d.10
       0        0      54c     1 .debug_loc
       0        0      1d1     1         /tmp/user_syscall-f5d2ff.o:(.debug_loc)
       0        0        0     1                 
       0        0        0     1                 $d.1
      29       29        0     1                 
      47       47        0     1                 
      65       65        0     1                 
      83       83        0     1                 
      a1       a1        0     1                 
      bf       bf        0     1                 
      dd       dd        0     1                 
     106      106        0     1                 
     119      119        0     1                 
     139      139        0     1                 
     14c      14c        0     1                 
     15f      15f        0     1                 
     172      172        0     1                 
     185      185        0     1                 
     198      198        0     1                 
     1ab      1ab        0     1                 
     1be      1be        0     1                 
     1d1      1d1       29     1         /tmp/main-0a0885.o:(.debug_loc)
     1d1      1d1        0     1                 
     1d1      1d1        0     1                 $d.2
     1fa      1fa      352     1         /tmp/commonlibs-4afd1f.o:(.debug_loc)
     1fa      1fa        0     1                 
     1fa      1fa        0     1                 $d.2
     218      218        0     1                 
     236      236        0     1                 
     254      254        0     1                 
     295      295        0     1                 
     312      312        0     1                 
     325      325        0     1                 
     385      385        0     1                 
     3b0      3b0        0     1                 
     3c3      3c3        0     1                 
     3f7      3f7        0     1                 
     40c      40c        0     1                 
     440      440        0     1                 
     455      455        0     1                 
     473      473        0     1                 
     49c      49c        0     1                 
     4c5      4c5        0     1                 
     4da      4da        0     1                 
     503      503        0     1                 
     539      539        0     1                 
       0        0       18     1 .debug_ranges
       0        0       18     1         /tmp/commonlibs-4afd1f.o:(.debug_ranges)
       0        0        0     1                 
       0        0        0     1                 $d.5
       0        0     1ec0     4 .symtab
       0        0     1ec0     4         <internal>:(.symtab)
       0        0       a0     1 .shstrtab
       0        0       a0     1         <internal>:(.shstrtab)
       0        0      17f     1 .strtab
       0        0      17f     1         <internal>:(.strtab)
