     VMA      LMA     Size Align Out     In      Symbol
       0        0  1000000     1 . = 0x1000000
 1000000  1000000      324     2 .text
 1000000  1000000        e     2         /tmp/user-93db01.o:(.text.start)
 1000000  1000000        0     1                 
 1000000  1000000        0     1                 
 1000000  1000000        0     1                 $x.0
 1000000  1000000        0     1                 
 1000000  1000000        e     1                 start
 100000e  100000e        0     1                 
 100000e  100000e        0     1                 
 100000e  100000e        0     2         /tmp/user-93db01.o:(.text)
 100000e  100000e       88     2         /tmp/user_syscall-a4d131.o:(.text)
 100000e  100000e        0     1                 
 100000e  100000e        0     1                 
 100000e  100000e        0     1                 $x.0
 100000e  100000e        0     1                 
 100000e  100000e       10     1                 syscall
 1000010  1000010        0     1                 
 100001c  100001c        0     1                 
 100001e  100001e        0     1                 
 100001e  100001e        0     1                 
 100001e  100001e        0     1                 
 100001e  100001e        c     1                 putchar
 1000028  1000028        0     1                 
 100002a  100002a        0     1                 
 100002a  100002a        0     1                 
 100002a  100002a        0     1                 
 100002a  100002a        e     1                 getchar
 1000036  1000036        0     1                 
 1000038  1000038        0     1                 
 1000038  1000038        0     1                 
 1000038  1000038        0     1                 
 1000038  1000038        c     1                 ps
 1000042  1000042        0     1                 
 1000044  1000044        0     1                 
 1000044  1000044        0     1                 
 1000044  1000044        0     1                 
 1000044  1000044        c     1                 clone
 100004e  100004e        0     1                 
 1000050  1000050        0     1                 
 1000050  1000050        0     1                 
 1000050  1000050        0     1                 
 1000050  1000050        c     1                 spawn
 100005a  100005a        0     1                 
 100005c  100005c        0     1                 
 100005c  100005c        0     1                 
 100005c  100005c        0     1                 
 100005c  100005c        c     1                 waitpid
 1000066  1000066        0     1                 
 1000068  1000068        0     1                 
 1000068  1000068        0     1                 
 1000068  1000068        0     1                 
 1000068  1000068        a     1                 ipc_send
 1000070  1000070        0     1                 
 1000072  1000072        0     1                 
 1000072  1000072        0     1                 
 1000072  1000072        0     1                 
 1000072  1000072        c     1                 ipc_recv
 100007c  100007c        0     1                 
 100007e  100007e        0     1                 
 100007e  100007e        0     1                 
 100007e  100007e        0     1                 
 100007e  100007e        c     1                 bitmap
 1000088  1000088        0     1                 
 100008a  100008a        0     1                 
 100008a  100008a        0     1                 
 100008a  100008a        0     1                 
 100008a  100008a        c     1                 exit
 1000096  1000096        0     1                 
 1000096  1000096       3c     2         /tmp/main-d9061d.o:(.text)
 1000096  1000096        0     1                 
 1000096  1000096        0     1                 
 1000096  1000096        0     1                 $x.0
 1000096  1000096        0     1                 
 1000096  1000096       3c     1                 main
 100009e  100009e        0     1                 
 10000a8  10000a8        0     1                 
 10000a8  10000a8        0     1                 
 10000ba  10000ba        0     1                 .LBB0_1
 10000ba  10000ba        0     1                 
 10000ba  10000ba        0     1                 
 10000bc  10000bc        0     1                 
 10000be  10000be        0     1                 .LBB0_2
 10000be  10000be        0     1                 
 10000be  10000be        0     1                 
 10000c0  10000c0        0     1                 
 10000c4  10000c4        0     1                 
 10000c4  10000c4        0     1                 
 10000c8  10000c8        0     1                 
 10000ca  10000ca        0     1                 
 10000ca  10000ca        0     1                 
 10000cc  10000cc        0     1                 
 10000d0  10000d0        0     1                 
 10000d0  10000d0        0     1                 
 10000d2  10000d2        0     1                 
 10000d2  10000d2        0     1                 
 10000d2  10000d2        0     1                 
 10000d2  10000d2      252     2         /tmp/commonlibs-19a43d.o:(.text)
 10000d2  10000d2        0     1                 
 10000d2  10000d2        0     1                 
 10000d2  10000d2        0     1                 $x.0
 10000d2  10000d2        0     1                 
 10000d2  10000d2      1a6     1                 printf
 1000100  1000100        0     1                 
 1000128  1000128        0     1                 .LBB0_1
 1000128  1000128        0     1                 
 100012c  100012c        0     1                 .LBB0_2
 100012c  100012c        0     1                 
 100012e  100012e        0     1                 .LBB0_3
 100012e  100012e        0     1                 
 1000132  1000132        0     1                 
 100013a  100013a        0     1                 .LBB0_5
 100013a  100013a        0     1                 
 100013c  100013c        0     1                 
 100013c  100013c        0     1                 
 100013e  100013e        0     1                 
 1000140  1000140        0     1                 .LBB0_6
 1000140  1000140        0     1                 
 1000144  1000144        0     1                 
 1000146  1000146        0     1                 
 1000156  1000156        0     1                 
 1000156  1000156        0     1                 
 1000162  1000162        0     1                 
 1000162  1000162        0     1                 
 1000166  1000166        0     1                 
 1000166  1000166        0     1                 
 1000168  1000168        0     1                 
 100016e  100016e        0     1                 .LBB0_11
 100016e  100016e        0     1                 
 100016e  100016e        0     1                 
 1000176  1000176        0     1                 
 1000176  1000176        0     1                 
 1000180  1000180        0     1                 
 1000180  1000180        0     1                 
 1000184  1000184        0     1                 
 1000184  1000184        0     1                 
 1000186  1000186        0     1                 
 100018a  100018a        0     1                 
 100018c  100018c        0     1                 
 100018c  100018c        0     1                 
 1000192  1000192        0     1                 
 1000192  1000192        0     1                 
 1000194  1000194        0     1                 
 1000198  1000198        0     1                 
 100019a  100019a        0     1                 
 100019a  100019a        0     1                 
 10001a0  10001a0        0     1                 
 10001a0  10001a0        0     1                 
 10001a2  10001a2        0     1                 
 10001a6  10001a6        0     1                 
 10001a8  10001a8        0     1                 
 10001a8  10001a8        0     1                 
 10001ae  10001ae        0     1                 
 10001ae  10001ae        0     1                 
 10001b0  10001b0        0     1                 
 10001b4  10001b4        0     1                 
 10001b6  10001b6        0     1                 
 10001b6  10001b6        0     1                 
 10001bc  10001bc        0     1                 
 10001bc  10001bc        0     1                 
 10001be  10001be        0     1                 
 10001c2  10001c2        0     1                 
 10001c4  10001c4        0     1                 
 10001c4  10001c4        0     1                 
 10001ca  10001ca        0     1                 
 10001ca  10001ca        0     1                 
 10001cc  10001cc        0     1                 
 10001d0  10001d0        0     1                 
 10001d2  10001d2        0     1                 
 10001d2  10001d2        0     1                 
 10001d8  10001d8        0     1                 
 10001d8  10001d8        0     1                 
 10001da  10001da        0     1                 
 10001de  10001de        0     1                 
 10001e0  10001e0        0     1                 
 10001e0  10001e0        0     1                 
 10001e2  10001e2        0     1                 
 10001e2  10001e2        0     1                 
 10001e4  10001e4        0     1                 
 10001e8  10001e8        0     1                 
 10001e8  10001e8        0     1                 
 10001ea  10001ea        0     1                 
 10001ea  10001ea        0     1                 
 10001ec  10001ec        0     1                 
 10001ee  10001ee        0     1                 .LBB0_14
 10001ee  10001ee        0     1                 
 10001ee  10001ee        0     1                 
 10001f8  10001f8        0     1                 
 10001f8  10001f8        0     1                 
 10001fc  10001fc        0     1                 
 1000202  1000202        0     1                 
 1000202  1000202        0     1                 .LBB0_16
 1000202  1000202        0     1                 
 1000208  1000208        0     1                 
 1000208  1000208        0     1                 
 100020c  100020c        0     1                 
 100020e  100020e        0     1                 
 1000212  1000212        0     1                 .LBB0_17
 1000212  1000212        0     1                 
 1000212  1000212        0     1                 
 1000218  1000218        0     1                 
 1000218  1000218        0     1                 
 100021c  100021c        0     1                 
 100021c  100021c        0     1                 
 100021e  100021e        0     1                 
 1000222  1000222        0     1                 .LBB0_18
 1000222  1000222        0     1                 
 1000224  1000224        0     1                 
 1000224  1000224        0     1                 .LBB0_19
 1000224  1000224        0     1                 
 1000228  1000228        0     1                 
 100022c  100022c        0     1                 
 1000230  1000230        0     1                 .LBB0_20
 1000230  1000230        0     1                 
 1000230  1000230        0     1                 
 1000232  1000232        0     1                 
 1000232  1000232        0     1                 
 1000236  1000236        0     1                 
 100023a  100023a        0     1                 
 1000240  1000240        0     1                 
 1000240  1000240        0     1                 
 1000248  1000248        0     1                 
 100024e  100024e        0     1                 
 100024e  100024e        0     1                 
 1000254  1000254        0     1                 .LBB0_21
 1000254  1000254        0     1                 
 1000254  1000254        0     1                 
 100025a  100025a        0     1                 .LBB0_22
 100025a  100025a        0     1                 
 100025a  100025a        0     1                 
 100025e  100025e        0     1                 
 1000274  1000274        0     1                 
 1000278  1000278        0     1                 
 1000278  1000278        0     1                 
 1000278  1000278        0     1                 
 1000278  1000278        0     1                 
 1000278  1000278        0     1                 
 1000278  1000278       1c     1                 memcpy
 100027c  100027c        0     1                 
 100027c  100027c        0     1                 
 100027e  100027e        0     1                 
 100027e  100027e        0     1                 .LBB1_2
 100027e  100027e        0     1                 
 1000282  1000282        0     1                 
 1000284  1000284        0     1                 
 1000288  1000288        0     1                 
 1000288  1000288        0     1                 
 100028c  100028c        0     1                 
 100028e  100028e        0     1                 
 100028e  100028e        0     1                 
 1000292  1000292        0     1                 .LBB1_3
 1000292  1000292        0     1                 
 1000292  1000292        0     1                 
 1000294  1000294        0     1                 
 1000294  1000294        0     1                 
 1000294  1000294        0     1                 
 1000294  1000294        0     1                 
 1000294  1000294        0     1                 
 1000294  1000294       16     1                 memset
 1000298  1000298        0     1                 
 1000298  1000298        0     1                 
 100029a  100029a        0     1                 
 100029a  100029a        0     1                 .LBB2_2
 100029a  100029a        0     1                 
 100029e  100029e        0     1                 
 100029e  100029e        0     1                 
 10002a2  10002a2        0     1                 
 10002a4  10002a4        0     1                 
 10002a4  10002a4        0     1                 
 10002a8  10002a8        0     1                 .LBB2_3
 10002a8  10002a8        0     1                 
 10002a8  10002a8        0     1                 
 10002aa  10002aa        0     1                 
 10002aa  10002aa        0     1                 
 10002aa  10002aa        0     1                 
 10002aa  10002aa        0     1                 
 10002aa  10002aa        0     1                 
 10002aa  10002aa       24     1                 strcpy
 10002b0  10002b0        0     1                 
 10002b4  10002b4        0     1                 
 10002b4  10002b4        0     1                 
 10002b6  10002b6        0     1                 
 10002b6  10002b6        0     1                 .LBB3_2
 10002b6  10002b6        0     1                 
 10002ba  10002ba        0     1                 
 10002be  10002be        0     1                 
 10002c2  10002c2        0     1                 
 10002c2  10002c2        0     1                 
 10002c4  10002c4        0     1                 
 10002c4  10002c4        0     1                 
 10002c6  10002c6        0     1                 
 10002c8  10002c8        0     1                 .LBB3_3
 10002c8  10002c8        0     1                 
 10002c8  10002c8        0     1                 
 10002cc  10002cc        0     1                 
 10002ce  10002ce        0     1                 
 10002ce  10002ce        0     1                 
 10002ce  10002ce        0     1                 
 10002ce  10002ce        0     1                 
 10002ce  10002ce        0     1                 
 10002ce  10002ce       28     1                 strcpy_s
 10002d0  10002d0        0     1                 
 10002d8  10002d8        0     1                 
 10002d8  10002d8        0     1                 .LBB4_2
 10002d8  10002d8        0     1                 
 10002dc  10002dc        0     1                 
 10002e0  10002e0        0     1                 
 10002e0  10002e0        0     1                 
 10002e4  10002e4        0     1                 
 10002e4  10002e4        0     1                 
 10002e8  10002e8        0     1                 
 10002ec  10002ec        0     1                 
 10002ec  10002ec        0     1                 
 10002f0  10002f0        0     1                 .LBB4_3
 10002f0  10002f0        0     1                 
 10002f0  10002f0        0     1                 
 10002f4  10002f4        0     1                 
 10002f6  10002f6        0     1                 
 10002f6  10002f6        0     1                 
 10002f6  10002f6        0     1                 
 10002f6  10002f6        0     1                 
 10002f6  10002f6        0     1                 
 10002f6  10002f6       2e     1                 strcmp
 10002fa  10002fa        0     1                 
 10002fc  10002fc        0     1                 
 10002fe  10002fe        0     1                 
 10002fe  10002fe        0     1                 .LBB5_2
 10002fe  10002fe        0     1                 
 1000306  1000306        0     1                 
 100030a  100030a        0     1                 
 100030a  100030a        0     1                 
 100030e  100030e        0     1                 
 1000310  1000310        0     1                 
 1000312  1000312        0     1                 
 1000314  1000314        0     1                 .LBB5_4
 1000314  1000314        0     1                 
 100031a  100031a        0     1                 .LBB5_5
 100031a  100031a        0     1                 
 100031a  100031a        0     1                 
 100031c  100031c        0     1                 .LBB5_6
 100031c  100031c        0     1                 
 100031c  100031c        0     1                 
 1000320  1000320        0     1                 
 1000320  1000320        0     1                 
 1000322  1000322        0     1                 
 1000324  1000324        0     1                 
 1000324  1000324        0     1                 
 1000324  1000324       4e     4 .rodata
 1000324  1000324       4e     1         <internal>:(.rodata.str1.1)
 1000374  1000374    1000c     4 .bss
 1000374  1000374        c     1         . = ALIGN ( 16 )
 1000380  1000380    10000     1         . += 64 * 1024
 1010380  1010380        0     1         __stack_top = .
 1010380  1010380        0     1         
       0        0      338     1 .debug_abbrev
       0        0       2c     1         /tmp/user-93db01.o:(.debug_abbrev)
       0        0        0     1                 $d.1
      2c       2c      115     1         /tmp/user_syscall-a4d131.o:(.debug_abbrev)
      2c       2c        0     1                 $d.2
     141      141       cf     1         /tmp/main-d9061d.o:(.debug_abbrev)
     141      141        0     1                 $d.3
     210      210      128     1         /tmp/commonlibs-19a43d.o:(.debug_abbrev)
     210      210        0     1                 $d.3
       0        0      9df     1 .debug_info
       0        0       38     1         /tmp/user-93db01.o:(.debug_info)
       0        0        0     1                 $d.2
      38       38      51a     1         /tmp/user_syscall-a4d131.o:(.debug_info)
      38       38        0     1                 $d.3
     552      552      112     1         /tmp/main-d9061d.o:(.debug_info)
     552      552        0     1                 $d.4
     664      664      37b     1         /tmp/commonlibs-19a43d.o:(.debug_info)
     664      664        0     1                 $d.4
       0        0      22c     1 .debug_str
       0        0      22c     1         <internal>:(.debug_str)
       0        0       42     1 .comment
       0        0       42     1         <internal>:(.comment)
       0        0       2b     1 .riscv.attributes
       0        0       2b     1         <internal>:(.riscv.attributes)
       0        0      1ac     4 .debug_frame
       0        0       24     4         /tmp/user-93db01.o:(.debug_frame)
       0        0        0     1                 
       0        0        0     1                 $d.6
      24       24       c4     4         /tmp/user_syscall-a4d131.o:(.debug_frame)
      24       24        0     1                 
      24       24        0     1                 $d.7
      e8       e8       30     4         /tmp/main-d9061d.o:(.debug_frame)
      e8       e8        0     1                 
      e8       e8        0     1                 $d.8
     118      118       94     4         /tmp/commonlibs-19a43d.o:(.debug_frame)
     118      118        0     1                 
     118      118        0     1                 $d.9
       0        0      649     1 .debug_line
       0        0       4c     1         /tmp/user-93db01.o:(.debug_line)
       0        0        0     1                 .Lline_table_start0
       0        0        0     1                 $d.7
      4c       4c       e0     1         /tmp/user_syscall-a4d131.o:(.debug_line)
      4c       4c        0     1                 .Lline_table_start0
      4c       4c        0     1                 $d.8
     12c      12c       e0     1         /tmp/main-d9061d.o:(.debug_line)
     12c      12c        0     1                 .Lline_table_start0
     12c      12c        0     1                 $d.9
     20c      20c      43d     1         /tmp/commonlibs-19a43d.o:(.debug_line)
     20c      20c        0     1                 .Lline_table_start0
     20c      20c        0     1                 $d.10
       0        0      539     1 .debug_loc
       0        0      1be     1         /tmp/user_syscall-a4d131.o:(.debug_loc)
       0        0        0     1                 
       0        0        0     1                 $d.1
      29       29        0     1                 
      47       47        0     1                 
      65       65        0     1                 
      83       83        0     1                 
      a1       a1        0     1                 
      bf       bf        0     1                 
      dd       dd        0     1                 
     106      106        0     1                 
     119      119        0     1                 
     139      139        0     1                 
     14c      14c        0     1                 
     15f      15f        0     1                 
     172      172        0     1                 
     185      185        0     1                 
     198      198        0     1                 
     1ab      1ab        0     1                 
     1be      1be       29     1         /tmp/main-d9061d.o:(.debug_loc)
     1be      1be        0     1                 
     1be      1be        0     1                 $d.2
     1e7      1e7      352     1         /tmp/commonlibs-19a43d.o:(.debug_loc)
     1e7      1e7        0     1                 
     1e7      1e7        0     1                 $d.2
     205      205        0     1                 
     223      223        0     1                 
     241      241        0     1                 
     282      282        0     1                 
     2ff      2ff        0     1                 
     312      312        0     1                 
     372      372        0     1                 
     39d      39d        0     1                 
     3b0      3b0        0     1                 
     3e4      3e4        0     1                 
     3f9      3f9        0     1                 
     42d      42d        0     1                 
     442      442        0     1                 
     460      460        0     1                 
     489      489        0     1                 
     4b2      4b2        0     1                 
     4c7      4c7        0     1                 
     4f0      4f0        0     1                 
     526      526        0     1                 
       0        0       18     1 .debug_ranges
       0        0       18     1         /tmp/commonlibs-19a43d.o:(.debug_ranges)
       0        0        0     1                 
       0        0        0     1                 $d.5
       0        0     1de0     4 .symtab
       0        0     1de0     4         <internal>:(.symtab)
       0        0       a0     1 .shstrtab
       0        0       a0     1         <internal>:(.shstrtab)
       0        0      17a     1 .strtab
       0        0      17a     1         <internal>:(.strtab)
