     VMA      LMA     Size Align Out     In      Symbol
       0        0  1000000     1 . = 0x1000000
 1000000  1000000      33a     2 .text
 1000000  1000000        e     2         /tmp/user-54b8f4.o:(.text.start)
 1000000  1000000        0     1                 
 1000000  1000000        0     1                 
 1000000  1000000        0     1                 $x.0
 1000000  1000000        0     1                 
 1000000  1000000        e     1                 start
 100000e  100000e        0     1                 
 100000e  100000e        0     1                 
 100000e  100000e        0     2         /tmp/user-54b8f4.o:(.text)
 100000e  100000e       9e     2         /tmp/user_syscall-5e9449.o:(.text)
 100000e  100000e        0     1                 
 100000e  100000e        0     1                 
 100000e  100000e        0     1                 $x.0
 100000e  100000e        0     1                 
 100000e  100000e       10     1                 syscall
 1000010  1000010        0     1                 
 100001c  100001c        0     1                 
 100001e  100001e        0     1                 
 100001e  100001e        0     1                 
 100001e  100001e        0     1                 
 100001e  100001e        c     1                 putchar
 1000028  1000028        0     1                 
 100002a  100002a        0     1                 
 100002a  100002a        0     1                 
 100002a  100002a        0     1                 
 100002a  100002a        e     1                 getchar
 1000036  1000036        0     1                 
 1000038  1000038        0     1                 
 1000038  1000038        0     1                 
 1000038  1000038        0     1                 
 1000038  1000038        a     1                 ps
 1000040  1000040        0     1                 
 1000042  1000042        0     1                 
 1000042  1000042        0     1                 
 1000042  1000042        0     1                 
 1000042  1000042        c     1                 clone
 100004c  100004c        0     1                 
 100004e  100004e        0     1                 
 100004e  100004e        0     1                 
 100004e  100004e        0     1                 
 100004e  100004e        c     1                 spawn
 1000058  1000058        0     1                 
 100005a  100005a        0     1                 
 100005a  100005a        0     1                 
 100005a  100005a        0     1                 
 100005a  100005a        c     1                 waitpid
 1000064  1000064        0     1                 
 1000066  1000066        0     1                 
 1000066  1000066        0     1                 
 1000066  1000066        0     1                 
 1000066  1000066        a     1                 ipc_send
 100006e  100006e        0     1                 
 1000070  1000070        0     1                 
 1000070  1000070        0     1                 
 1000070  1000070        0     1                 
 1000070  1000070        c     1                 ipc_recv
 100007a  100007a        0     1                 
 100007c  100007c        0     1                 
 100007c  100007c        0     1                 
 100007c  100007c        0     1                 
 100007c  100007c        c     1                 bitmap
 1000086  1000086        0     1                 
 1000088  1000088        0     1                 
 1000088  1000088        0     1                 
 1000088  1000088        0     1                 
 1000088  1000088        c     1                 kill
 1000092  1000092        0     1                 
 1000094  1000094        0     1                 
 1000094  1000094        0     1                 
 1000094  1000094        0     1                 
 1000094  1000094        c     1                 kernel_info
 100009e  100009e        0     1                 
 10000a0  10000a0        0     1                 
 10000a0  10000a0        0     1                 
 10000a0  10000a0        0     1                 
 10000a0  10000a0        c     1                 exit
 10000ac  10000ac        0     1                 
 10000ac  10000ac       3c     2         /tmp/main-841ea3.o:(.text)
 10000ac  10000ac        0     1                 
 10000ac  10000ac        0     1                 
 10000ac  10000ac        0     1                 $x.0
 10000ac  10000ac        0     1                 
 10000ac  10000ac       3c     1                 main
 10000b4  10000b4        0     1                 
 10000be  10000be        0     1                 
 10000be  10000be        0     1                 
 10000d0  10000d0        0     1                 .LBB0_1
 10000d0  10000d0        0     1                 
 10000d0  10000d0        0     1                 
 10000d2  10000d2        0     1                 
 10000d4  10000d4        0     1                 .LBB0_2
 10000d4  10000d4        0     1                 
 10000d4  10000d4        0     1                 
 10000d6  10000d6        0     1                 
 10000da  10000da        0     1                 
 10000da  10000da        0     1                 
 10000de  10000de        0     1                 
 10000e0  10000e0        0     1                 
 10000e0  10000e0        0     1                 
 10000e2  10000e2        0     1                 
 10000e6  10000e6        0     1                 
 10000e6  10000e6        0     1                 
 10000e8  10000e8        0     1                 
 10000e8  10000e8        0     1                 
 10000e8  10000e8        0     1                 
 10000e8  10000e8      252     2         /tmp/commonlibs-576430.o:(.text)
 10000e8  10000e8        0     1                 
 10000e8  10000e8        0     1                 
 10000e8  10000e8        0     1                 $x.0
 10000e8  10000e8        0     1                 
 10000e8  10000e8      1a6     1                 printf
 1000116  1000116        0     1                 
 100013e  100013e        0     1                 .LBB0_1
 100013e  100013e        0     1                 
 1000142  1000142        0     1                 .LBB0_2
 1000142  1000142        0     1                 
 1000144  1000144        0     1                 .LBB0_3
 1000144  1000144        0     1                 
 1000148  1000148        0     1                 
 1000150  1000150        0     1                 .LBB0_5
 1000150  1000150        0     1                 
 1000152  1000152        0     1                 
 1000152  1000152        0     1                 
 1000154  1000154        0     1                 
 1000156  1000156        0     1                 .LBB0_6
 1000156  1000156        0     1                 
 100015a  100015a        0     1                 
 100015c  100015c        0     1                 
 100016c  100016c        0     1                 
 100016c  100016c        0     1                 
 1000178  1000178        0     1                 
 1000178  1000178        0     1                 
 100017c  100017c        0     1                 
 100017c  100017c        0     1                 
 100017e  100017e        0     1                 
 1000184  1000184        0     1                 .LBB0_11
 1000184  1000184        0     1                 
 1000184  1000184        0     1                 
 100018c  100018c        0     1                 
 100018c  100018c        0     1                 
 1000196  1000196        0     1                 
 1000196  1000196        0     1                 
 100019a  100019a        0     1                 
 100019a  100019a        0     1                 
 100019c  100019c        0     1                 
 10001a0  10001a0        0     1                 
 10001a2  10001a2        0     1                 
 10001a2  10001a2        0     1                 
 10001a8  10001a8        0     1                 
 10001a8  10001a8        0     1                 
 10001aa  10001aa        0     1                 
 10001ae  10001ae        0     1                 
 10001b0  10001b0        0     1                 
 10001b0  10001b0        0     1                 
 10001b6  10001b6        0     1                 
 10001b6  10001b6        0     1                 
 10001b8  10001b8        0     1                 
 10001bc  10001bc        0     1                 
 10001be  10001be        0     1                 
 10001be  10001be        0     1                 
 10001c4  10001c4        0     1                 
 10001c4  10001c4        0     1                 
 10001c6  10001c6        0     1                 
 10001ca  10001ca        0     1                 
 10001cc  10001cc        0     1                 
 10001cc  10001cc        0     1                 
 10001d2  10001d2        0     1                 
 10001d2  10001d2        0     1                 
 10001d4  10001d4        0     1                 
 10001d8  10001d8        0     1                 
 10001da  10001da        0     1                 
 10001da  10001da        0     1                 
 10001e0  10001e0        0     1                 
 10001e0  10001e0        0     1                 
 10001e2  10001e2        0     1                 
 10001e6  10001e6        0     1                 
 10001e8  10001e8        0     1                 
 10001e8  10001e8        0     1                 
 10001ee  10001ee        0     1                 
 10001ee  10001ee        0     1                 
 10001f0  10001f0        0     1                 
 10001f4  10001f4        0     1                 
 10001f6  10001f6        0     1                 
 10001f6  10001f6        0     1                 
 10001f8  10001f8        0     1                 
 10001f8  10001f8        0     1                 
 10001fa  10001fa        0     1                 
 10001fe  10001fe        0     1                 
 10001fe  10001fe        0     1                 
 1000200  1000200        0     1                 
 1000200  1000200        0     1                 
 1000202  1000202        0     1                 
 1000204  1000204        0     1                 .LBB0_14
 1000204  1000204        0     1                 
 1000204  1000204        0     1                 
 100020e  100020e        0     1                 
 100020e  100020e        0     1                 
 1000212  1000212        0     1                 
 1000218  1000218        0     1                 
 1000218  1000218        0     1                 .LBB0_16
 1000218  1000218        0     1                 
 100021e  100021e        0     1                 
 100021e  100021e        0     1                 
 1000222  1000222        0     1                 
 1000224  1000224        0     1                 
 1000228  1000228        0     1                 .LBB0_17
 1000228  1000228        0     1                 
 1000228  1000228        0     1                 
 100022e  100022e        0     1                 
 100022e  100022e        0     1                 
 1000232  1000232        0     1                 
 1000232  1000232        0     1                 
 1000234  1000234        0     1                 
 1000238  1000238        0     1                 .LBB0_18
 1000238  1000238        0     1                 
 100023a  100023a        0     1                 
 100023a  100023a        0     1                 .LBB0_19
 100023a  100023a        0     1                 
 100023e  100023e        0     1                 
 1000242  1000242        0     1                 
 1000246  1000246        0     1                 .LBB0_20
 1000246  1000246        0     1                 
 1000246  1000246        0     1                 
 1000248  1000248        0     1                 
 1000248  1000248        0     1                 
 100024c  100024c        0     1                 
 1000250  1000250        0     1                 
 1000256  1000256        0     1                 
 1000256  1000256        0     1                 
 100025e  100025e        0     1                 
 1000264  1000264        0     1                 
 1000264  1000264        0     1                 
 100026a  100026a        0     1                 .LBB0_21
 100026a  100026a        0     1                 
 100026a  100026a        0     1                 
 1000270  1000270        0     1                 .LBB0_22
 1000270  1000270        0     1                 
 1000270  1000270        0     1                 
 1000274  1000274        0     1                 
 100028a  100028a        0     1                 
 100028e  100028e        0     1                 
 100028e  100028e        0     1                 
 100028e  100028e        0     1                 
 100028e  100028e        0     1                 
 100028e  100028e        0     1                 
 100028e  100028e       1c     1                 memcpy
 1000292  1000292        0     1                 
 1000292  1000292        0     1                 
 1000294  1000294        0     1                 
 1000294  1000294        0     1                 .LBB1_2
 1000294  1000294        0     1                 
 1000298  1000298        0     1                 
 100029a  100029a        0     1                 
 100029e  100029e        0     1                 
 100029e  100029e        0     1                 
 10002a2  10002a2        0     1                 
 10002a4  10002a4        0     1                 
 10002a4  10002a4        0     1                 
 10002a8  10002a8        0     1                 .LBB1_3
 10002a8  10002a8        0     1                 
 10002a8  10002a8        0     1                 
 10002aa  10002aa        0     1                 
 10002aa  10002aa        0     1                 
 10002aa  10002aa        0     1                 
 10002aa  10002aa        0     1                 
 10002aa  10002aa        0     1                 
 10002aa  10002aa       16     1                 memset
 10002ae  10002ae        0     1                 
 10002ae  10002ae        0     1                 
 10002b0  10002b0        0     1                 
 10002b0  10002b0        0     1                 .LBB2_2
 10002b0  10002b0        0     1                 
 10002b4  10002b4        0     1                 
 10002b4  10002b4        0     1                 
 10002b8  10002b8        0     1                 
 10002ba  10002ba        0     1                 
 10002ba  10002ba        0     1                 
 10002be  10002be        0     1                 .LBB2_3
 10002be  10002be        0     1                 
 10002be  10002be        0     1                 
 10002c0  10002c0        0     1                 
 10002c0  10002c0        0     1                 
 10002c0  10002c0        0     1                 
 10002c0  10002c0        0     1                 
 10002c0  10002c0        0     1                 
 10002c0  10002c0       24     1                 strcpy
 10002c6  10002c6        0     1                 
 10002ca  10002ca        0     1                 
 10002ca  10002ca        0     1                 
 10002cc  10002cc        0     1                 
 10002cc  10002cc        0     1                 .LBB3_2
 10002cc  10002cc        0     1                 
 10002d0  10002d0        0     1                 
 10002d4  10002d4        0     1                 
 10002d8  10002d8        0     1                 
 10002d8  10002d8        0     1                 
 10002da  10002da        0     1                 
 10002da  10002da        0     1                 
 10002dc  10002dc        0     1                 
 10002de  10002de        0     1                 .LBB3_3
 10002de  10002de        0     1                 
 10002de  10002de        0     1                 
 10002e2  10002e2        0     1                 
 10002e4  10002e4        0     1                 
 10002e4  10002e4        0     1                 
 10002e4  10002e4        0     1                 
 10002e4  10002e4        0     1                 
 10002e4  10002e4        0     1                 
 10002e4  10002e4       28     1                 strcpy_s
 10002e6  10002e6        0     1                 
 10002ee  10002ee        0     1                 
 10002ee  10002ee        0     1                 .LBB4_2
 10002ee  10002ee        0     1                 
 10002f2  10002f2        0     1                 
 10002f6  10002f6        0     1                 
 10002f6  10002f6        0     1                 
 10002fa  10002fa        0     1                 
 10002fa  10002fa        0     1                 
 10002fe  10002fe        0     1                 
 1000302  1000302        0     1                 
 1000302  1000302        0     1                 
 1000306  1000306        0     1                 .LBB4_3
 1000306  1000306        0     1                 
 1000306  1000306        0     1                 
 100030a  100030a        0     1                 
 100030c  100030c        0     1                 
 100030c  100030c        0     1                 
 100030c  100030c        0     1                 
 100030c  100030c        0     1                 
 100030c  100030c        0     1                 
 100030c  100030c       2e     1                 strcmp
 1000310  1000310        0     1                 
 1000312  1000312        0     1                 
 1000314  1000314        0     1                 
 1000314  1000314        0     1                 .LBB5_2
 1000314  1000314        0     1                 
 100031c  100031c        0     1                 
 1000320  1000320        0     1                 
 1000320  1000320        0     1                 
 1000324  1000324        0     1                 
 1000326  1000326        0     1                 
 1000328  1000328        0     1                 
 100032a  100032a        0     1                 .LBB5_4
 100032a  100032a        0     1                 
 1000330  1000330        0     1                 .LBB5_5
 1000330  1000330        0     1                 
 1000330  1000330        0     1                 
 1000332  1000332        0     1                 .LBB5_6
 1000332  1000332        0     1                 
 1000332  1000332        0     1                 
 1000336  1000336        0     1                 
 1000336  1000336        0     1                 
 1000338  1000338        0     1                 
 100033a  100033a        0     1                 
 100033a  100033a        0     1                 
 100033c  100033c       4e     4 .rodata
 100033c  100033c       4e     1         <internal>:(.rodata.str1.1)
 100038c  100038c    10004     4 .bss
 100038c  100038c        4     1         . = ALIGN ( 16 )
 1000390  1000390    10000     1         . += 64 * 1024
 1010390  1010390        0     1         __stack_top = .
 1010390  1010390        0     1         
       0        0      37c     1 .debug_abbrev
       0        0       2c     1         /tmp/user-54b8f4.o:(.debug_abbrev)
       0        0        0     1                 $d.1
      2c       2c      159     1         /tmp/user_syscall-5e9449.o:(.debug_abbrev)
      2c       2c        0     1                 $d.2
     185      185       cf     1         /tmp/main-841ea3.o:(.debug_abbrev)
     185      185        0     1                 $d.3
     254      254      128     1         /tmp/commonlibs-576430.o:(.debug_abbrev)
     254      254        0     1                 $d.3
       0        0      ba7     1 .debug_info
       0        0       38     1         /tmp/user-54b8f4.o:(.debug_info)
       0        0        0     1                 $d.2
      38       38      6e2     1         /tmp/user_syscall-5e9449.o:(.debug_info)
      38       38        0     1                 $d.3
     71a      71a      112     1         /tmp/main-841ea3.o:(.debug_info)
     71a      71a        0     1                 $d.4
     82c      82c      37b     1         /tmp/commonlibs-576430.o:(.debug_info)
     82c      82c        0     1                 $d.4
       0        0      2e3     1 .debug_str
       0        0      2e3     1         <internal>:(.debug_str)
       0        0       42     1 .comment
       0        0       42     1         <internal>:(.comment)
       0        0       2b     1 .riscv.attributes
       0        0       2b     1         <internal>:(.riscv.attributes)
       0        0      1cc     4 .debug_frame
       0        0       24     4         /tmp/user-54b8f4.o:(.debug_frame)
       0        0        0     1                 
       0        0        0     1                 $d.6
      24       24       e4     4         /tmp/user_syscall-5e9449.o:(.debug_frame)
      24       24        0     1                 
      24       24        0     1                 $d.7
     108      108       30     4         /tmp/main-841ea3.o:(.debug_frame)
     108      108        0     1                 
     108      108        0     1                 $d.8
     138      138       94     4         /tmp/commonlibs-576430.o:(.debug_frame)
     138      138        0     1                 
     138      138        0     1                 $d.9
       0        0      698     1 .debug_line
       0        0       4c     1         /tmp/user-54b8f4.o:(.debug_line)
       0        0        0     1                 .Lline_table_start0
       0        0        0     1                 $d.7
      4c       4c      12f     1         /tmp/user_syscall-5e9449.o:(.debug_line)
      4c       4c        0     1                 .Lline_table_start0
      4c       4c        0     1                 $d.8
     17b      17b       e0     1         /tmp/main-841ea3.o:(.debug_line)
     17b      17b        0     1                 .Lline_table_start0
     17b      17b        0     1                 $d.9
     25b      25b      43d     1         /tmp/commonlibs-576430.o:(.debug_line)
     25b      25b        0     1                 .Lline_table_start0
     25b      25b        0     1                 $d.10
       0        0      55f     1 .debug_loc
       0        0      1e4     1         /tmp/user_syscall-5e9449.o:(.debug_loc)
       0        0        0     1                 
       0        0        0     1                 $d.1
      29       29        0     1                 
      47       47        0     1                 
      65       65        0     1                 
      83       83        0     1                 
      a1       a1        0     1                 
      bf       bf        0     1                 
      dd       dd        0     1                 
     106      106        0     1                 
     119      119        0     1                 
     139      139        0     1                 
     14c      14c        0     1                 
     15f      15f        0     1                 
     172      172        0     1                 
     185      185        0     1                 
     198      198        0     1                 
     1ab      1ab        0     1                 
     1be      1be        0     1                 
     1d1      1d1        0     1                 
     1e4      1e4       29     1         /tmp/main-841ea3.o:(.debug_loc)
     1e4      1e4        0     1                 
     1e4      1e4        0     1                 $d.2
     20d      20d      352     1         /tmp/commonlibs-576430.o:(.debug_loc)
     20d      20d        0     1                 
     20d      20d        0     1                 $d.2
     22b      22b        0     1                 
     249      249        0     1                 
     267      267        0     1                 
     2a8      2a8        0     1                 
     325      325        0     1                 
     338      338        0     1                 
     398      398        0     1                 
     3c3      3c3        0     1                 
     3d6      3d6        0     1                 
     40a      40a        0     1                 
     41f      41f        0     1                 
     453      453        0     1                 
     468      468        0     1                 
     486      486        0     1                 
     4af      4af        0     1                 
     4d8      4d8        0     1                 
     4ed      4ed        0     1                 
     516      516        0     1                 
     54c      54c        0     1                 
       0        0       18     1 .debug_ranges
       0        0       18     1         /tmp/commonlibs-576430.o:(.debug_ranges)
       0        0        0     1                 
       0        0        0     1                 $d.5
       0        0     1ff0     4 .symtab
       0        0     1ff0     4         <internal>:(.symtab)
       0        0       a0     1 .shstrtab
       0        0       a0     1         <internal>:(.shstrtab)
       0        0      18b     1 .strtab
       0        0      18b     1         <internal>:(.strtab)
