     VMA      LMA     Size Align Out     In      Symbol
       0        0  1000000     1 . = 0x1000000
 1000000  1000000      352     2 .text
 1000000  1000000        e     2         /tmp/user-d6f603.o:(.text.start)
 1000000  1000000        0     1                 
 1000000  1000000        0     1                 
 1000000  1000000        0     1                 $x.0
 1000000  1000000        0     1                 
 1000000  1000000        e     1                 start
 100000e  100000e        0     1                 
 100000e  100000e        0     1                 
 100000e  100000e        0     2         /tmp/user-d6f603.o:(.text)
 100000e  100000e       88     2         /tmp/user_syscall-4314fd.o:(.text)
 100000e  100000e        0     1                 
 100000e  100000e        0     1                 
 100000e  100000e        0     1                 $x.0
 100000e  100000e        0     1                 
 100000e  100000e       10     1                 syscall
 1000010  1000010        0     1                 
 100001c  100001c        0     1                 
 100001e  100001e        0     1                 
 100001e  100001e        0     1                 
 100001e  100001e        0     1                 
 100001e  100001e        c     1                 putchar
 1000028  1000028        0     1                 
 100002a  100002a        0     1                 
 100002a  100002a        0     1                 
 100002a  100002a        0     1                 
 100002a  100002a        e     1                 getchar
 1000036  1000036        0     1                 
 1000038  1000038        0     1                 
 1000038  1000038        0     1                 
 1000038  1000038        0     1                 
 1000038  1000038        c     1                 ps
 1000042  1000042        0     1                 
 1000044  1000044        0     1                 
 1000044  1000044        0     1                 
 1000044  1000044        0     1                 
 1000044  1000044        c     1                 clone
 100004e  100004e        0     1                 
 1000050  1000050        0     1                 
 1000050  1000050        0     1                 
 1000050  1000050        0     1                 
 1000050  1000050        c     1                 spawn
 100005a  100005a        0     1                 
 100005c  100005c        0     1                 
 100005c  100005c        0     1                 
 100005c  100005c        0     1                 
 100005c  100005c        c     1                 waitpid
 1000066  1000066        0     1                 
 1000068  1000068        0     1                 
 1000068  1000068        0     1                 
 1000068  1000068        0     1                 
 1000068  1000068        a     1                 ipc_send
 1000070  1000070        0     1                 
 1000072  1000072        0     1                 
 1000072  1000072        0     1                 
 1000072  1000072        0     1                 
 1000072  1000072        c     1                 ipc_recv
 100007c  100007c        0     1                 
 100007e  100007e        0     1                 
 100007e  100007e        0     1                 
 100007e  100007e        0     1                 
 100007e  100007e        c     1                 bitmap
 1000088  1000088        0     1                 
 100008a  100008a        0     1                 
 100008a  100008a        0     1                 
 100008a  100008a        0     1                 
 100008a  100008a        c     1                 exit
 1000096  1000096        0     1                 
 1000096  1000096       6a     2         /tmp/main-82f0b5.o:(.text)
 1000096  1000096        0     1                 
 1000096  1000096        0     1                 
 1000096  1000096        0     1                 $x.0
 1000096  1000096        0     1                 
 1000096  1000096       6a     1                 main
 10000a4  10000a4        0     1                 
 10000ae  10000ae        0     1                 
 10000ae  10000ae        0     1                 
 10000b2  10000b2        0     1                 
 10000b2  10000b2        0     1                 
 10000b6  10000b6        0     1                 
 10000b6  10000b6        0     1                 .LBB0_1
 10000b6  10000b6        0     1                 
 10000b8  10000b8        0     1                 .LBB0_2
 10000b8  10000b8        0     1                 
 10000b8  10000b8        0     1                 
 10000d6  10000d6        0     1                 .LBB0_3
 10000d6  10000d6        0     1                 
 10000d8  10000d8        0     1                 
 10000dc  10000dc        0     1                 
 10000dc  10000dc        0     1                 
 10000e0  10000e0        0     1                 
 10000e0  10000e0        0     1                 .LBB0_4
 10000e0  10000e0        0     1                 
 10000e4  10000e4        0     1                 
 10000e4  10000e4        0     1                 
 10000e6  10000e6        0     1                 
 10000ea  10000ea        0     1                 .LBB0_5
 10000ea  10000ea        0     1                 
 10000ea  10000ea        0     1                 
 10000ee  10000ee        0     1                 
 10000f0  10000f0        0     1                 
 10000f0  10000f0        0     1                 
 10000f2  10000f2        0     1                 
 10000f2  10000f2        0     1                 
 10000f4  10000f4        0     1                 
 1000100  1000100        0     1                 
 1000100  1000100        0     1                 
 1000100  1000100        0     1                 
 1000100  1000100      252     2         /tmp/commonlibs-3fac75.o:(.text)
 1000100  1000100        0     1                 
 1000100  1000100        0     1                 
 1000100  1000100        0     1                 $x.0
 1000100  1000100        0     1                 
 1000100  1000100      1a6     1                 printf
 100012e  100012e        0     1                 
 1000156  1000156        0     1                 .LBB0_1
 1000156  1000156        0     1                 
 100015a  100015a        0     1                 .LBB0_2
 100015a  100015a        0     1                 
 100015c  100015c        0     1                 .LBB0_3
 100015c  100015c        0     1                 
 1000160  1000160        0     1                 
 1000168  1000168        0     1                 .LBB0_5
 1000168  1000168        0     1                 
 100016a  100016a        0     1                 
 100016a  100016a        0     1                 
 100016c  100016c        0     1                 
 100016e  100016e        0     1                 .LBB0_6
 100016e  100016e        0     1                 
 1000172  1000172        0     1                 
 1000174  1000174        0     1                 
 1000184  1000184        0     1                 
 1000184  1000184        0     1                 
 1000190  1000190        0     1                 
 1000190  1000190        0     1                 
 1000194  1000194        0     1                 
 1000194  1000194        0     1                 
 1000196  1000196        0     1                 
 100019c  100019c        0     1                 .LBB0_11
 100019c  100019c        0     1                 
 100019c  100019c        0     1                 
 10001a4  10001a4        0     1                 
 10001a4  10001a4        0     1                 
 10001ae  10001ae        0     1                 
 10001ae  10001ae        0     1                 
 10001b2  10001b2        0     1                 
 10001b2  10001b2        0     1                 
 10001b4  10001b4        0     1                 
 10001b8  10001b8        0     1                 
 10001ba  10001ba        0     1                 
 10001ba  10001ba        0     1                 
 10001c0  10001c0        0     1                 
 10001c0  10001c0        0     1                 
 10001c2  10001c2        0     1                 
 10001c6  10001c6        0     1                 
 10001c8  10001c8        0     1                 
 10001c8  10001c8        0     1                 
 10001ce  10001ce        0     1                 
 10001ce  10001ce        0     1                 
 10001d0  10001d0        0     1                 
 10001d4  10001d4        0     1                 
 10001d6  10001d6        0     1                 
 10001d6  10001d6        0     1                 
 10001dc  10001dc        0     1                 
 10001dc  10001dc        0     1                 
 10001de  10001de        0     1                 
 10001e2  10001e2        0     1                 
 10001e4  10001e4        0     1                 
 10001e4  10001e4        0     1                 
 10001ea  10001ea        0     1                 
 10001ea  10001ea        0     1                 
 10001ec  10001ec        0     1                 
 10001f0  10001f0        0     1                 
 10001f2  10001f2        0     1                 
 10001f2  10001f2        0     1                 
 10001f8  10001f8        0     1                 
 10001f8  10001f8        0     1                 
 10001fa  10001fa        0     1                 
 10001fe  10001fe        0     1                 
 1000200  1000200        0     1                 
 1000200  1000200        0     1                 
 1000206  1000206        0     1                 
 1000206  1000206        0     1                 
 1000208  1000208        0     1                 
 100020c  100020c        0     1                 
 100020e  100020e        0     1                 
 100020e  100020e        0     1                 
 1000210  1000210        0     1                 
 1000210  1000210        0     1                 
 1000212  1000212        0     1                 
 1000216  1000216        0     1                 
 1000216  1000216        0     1                 
 1000218  1000218        0     1                 
 1000218  1000218        0     1                 
 100021a  100021a        0     1                 
 100021c  100021c        0     1                 .LBB0_14
 100021c  100021c        0     1                 
 100021c  100021c        0     1                 
 1000226  1000226        0     1                 
 1000226  1000226        0     1                 
 100022a  100022a        0     1                 
 1000230  1000230        0     1                 
 1000230  1000230        0     1                 .LBB0_16
 1000230  1000230        0     1                 
 1000236  1000236        0     1                 
 1000236  1000236        0     1                 
 100023a  100023a        0     1                 
 100023c  100023c        0     1                 
 1000240  1000240        0     1                 .LBB0_17
 1000240  1000240        0     1                 
 1000240  1000240        0     1                 
 1000246  1000246        0     1                 
 1000246  1000246        0     1                 
 100024a  100024a        0     1                 
 100024a  100024a        0     1                 
 100024c  100024c        0     1                 
 1000250  1000250        0     1                 .LBB0_18
 1000250  1000250        0     1                 
 1000252  1000252        0     1                 
 1000252  1000252        0     1                 .LBB0_19
 1000252  1000252        0     1                 
 1000256  1000256        0     1                 
 100025a  100025a        0     1                 
 100025e  100025e        0     1                 .LBB0_20
 100025e  100025e        0     1                 
 100025e  100025e        0     1                 
 1000260  1000260        0     1                 
 1000260  1000260        0     1                 
 1000264  1000264        0     1                 
 1000268  1000268        0     1                 
 100026e  100026e        0     1                 
 100026e  100026e        0     1                 
 1000276  1000276        0     1                 
 100027c  100027c        0     1                 
 100027c  100027c        0     1                 
 1000282  1000282        0     1                 .LBB0_21
 1000282  1000282        0     1                 
 1000282  1000282        0     1                 
 1000288  1000288        0     1                 .LBB0_22
 1000288  1000288        0     1                 
 1000288  1000288        0     1                 
 100028c  100028c        0     1                 
 10002a2  10002a2        0     1                 
 10002a6  10002a6        0     1                 
 10002a6  10002a6        0     1                 
 10002a6  10002a6        0     1                 
 10002a6  10002a6        0     1                 
 10002a6  10002a6        0     1                 
 10002a6  10002a6       1c     1                 memcpy
 10002aa  10002aa        0     1                 
 10002aa  10002aa        0     1                 
 10002ac  10002ac        0     1                 
 10002ac  10002ac        0     1                 .LBB1_2
 10002ac  10002ac        0     1                 
 10002b0  10002b0        0     1                 
 10002b2  10002b2        0     1                 
 10002b6  10002b6        0     1                 
 10002b6  10002b6        0     1                 
 10002ba  10002ba        0     1                 
 10002bc  10002bc        0     1                 
 10002bc  10002bc        0     1                 
 10002c0  10002c0        0     1                 .LBB1_3
 10002c0  10002c0        0     1                 
 10002c0  10002c0        0     1                 
 10002c2  10002c2        0     1                 
 10002c2  10002c2        0     1                 
 10002c2  10002c2        0     1                 
 10002c2  10002c2        0     1                 
 10002c2  10002c2        0     1                 
 10002c2  10002c2       16     1                 memset
 10002c6  10002c6        0     1                 
 10002c6  10002c6        0     1                 
 10002c8  10002c8        0     1                 
 10002c8  10002c8        0     1                 .LBB2_2
 10002c8  10002c8        0     1                 
 10002cc  10002cc        0     1                 
 10002cc  10002cc        0     1                 
 10002d0  10002d0        0     1                 
 10002d2  10002d2        0     1                 
 10002d2  10002d2        0     1                 
 10002d6  10002d6        0     1                 .LBB2_3
 10002d6  10002d6        0     1                 
 10002d6  10002d6        0     1                 
 10002d8  10002d8        0     1                 
 10002d8  10002d8        0     1                 
 10002d8  10002d8        0     1                 
 10002d8  10002d8        0     1                 
 10002d8  10002d8        0     1                 
 10002d8  10002d8       24     1                 strcpy
 10002de  10002de        0     1                 
 10002e2  10002e2        0     1                 
 10002e2  10002e2        0     1                 
 10002e4  10002e4        0     1                 
 10002e4  10002e4        0     1                 .LBB3_2
 10002e4  10002e4        0     1                 
 10002e8  10002e8        0     1                 
 10002ec  10002ec        0     1                 
 10002f0  10002f0        0     1                 
 10002f0  10002f0        0     1                 
 10002f2  10002f2        0     1                 
 10002f2  10002f2        0     1                 
 10002f4  10002f4        0     1                 
 10002f6  10002f6        0     1                 .LBB3_3
 10002f6  10002f6        0     1                 
 10002f6  10002f6        0     1                 
 10002fa  10002fa        0     1                 
 10002fc  10002fc        0     1                 
 10002fc  10002fc        0     1                 
 10002fc  10002fc        0     1                 
 10002fc  10002fc        0     1                 
 10002fc  10002fc        0     1                 
 10002fc  10002fc       28     1                 strcpy_s
 10002fe  10002fe        0     1                 
 1000306  1000306        0     1                 
 1000306  1000306        0     1                 .LBB4_2
 1000306  1000306        0     1                 
 100030a  100030a        0     1                 
 100030e  100030e        0     1                 
 100030e  100030e        0     1                 
 1000312  1000312        0     1                 
 1000312  1000312        0     1                 
 1000316  1000316        0     1                 
 100031a  100031a        0     1                 
 100031a  100031a        0     1                 
 100031e  100031e        0     1                 .LBB4_3
 100031e  100031e        0     1                 
 100031e  100031e        0     1                 
 1000322  1000322        0     1                 
 1000324  1000324        0     1                 
 1000324  1000324        0     1                 
 1000324  1000324        0     1                 
 1000324  1000324        0     1                 
 1000324  1000324        0     1                 
 1000324  1000324       2e     1                 strcmp
 1000328  1000328        0     1                 
 100032a  100032a        0     1                 
 100032c  100032c        0     1                 
 100032c  100032c        0     1                 .LBB5_2
 100032c  100032c        0     1                 
 1000334  1000334        0     1                 
 1000338  1000338        0     1                 
 1000338  1000338        0     1                 
 100033c  100033c        0     1                 
 100033e  100033e        0     1                 
 1000340  1000340        0     1                 
 1000342  1000342        0     1                 .LBB5_4
 1000342  1000342        0     1                 
 1000348  1000348        0     1                 .LBB5_5
 1000348  1000348        0     1                 
 1000348  1000348        0     1                 
 100034a  100034a        0     1                 .LBB5_6
 100034a  100034a        0     1                 
 100034a  100034a        0     1                 
 100034e  100034e        0     1                 
 100034e  100034e        0     1                 
 1000350  1000350        0     1                 
 1000352  1000352        0     1                 
 1000352  1000352        0     1                 
 1000354  1000354       50     4 .rodata
 1000354  1000354       42     1         <internal>:(.rodata.str1.1)
 1000398  1000398        c     4         /tmp/main-82f0b5.o:(.rodata)
 1000398  1000398        c     1                 .Lswitch.table.main
 1000398  1000398        0     1                 $d.2
 10003a4  10003a4    1000c     4 .bss
 10003a4  10003a4        c     1         . = ALIGN ( 16 )
 10003b0  10003b0    10000     1         . += 64 * 1024
 10103b0  10103b0        0     1         __stack_top = .
 10103b0  10103b0        0     1         
       0        0      370     1 .debug_abbrev
       0        0       2c     1         /tmp/user-d6f603.o:(.debug_abbrev)
       0        0        0     1                 $d.1
      2c       2c      115     1         /tmp/user_syscall-4314fd.o:(.debug_abbrev)
      2c       2c        0     1                 $d.2
     141      141      107     1         /tmp/main-82f0b5.o:(.debug_abbrev)
     141      141        0     1                 $d.4
     248      248      128     1         /tmp/commonlibs-3fac75.o:(.debug_abbrev)
     248      248        0     1                 $d.3
       0        0      a70     1 .debug_info
       0        0       38     1         /tmp/user-d6f603.o:(.debug_info)
       0        0        0     1                 $d.2
      38       38      51a     1         /tmp/user_syscall-4314fd.o:(.debug_info)
      38       38        0     1                 $d.3
     552      552      1a3     1         /tmp/main-82f0b5.o:(.debug_info)
     552      552        0     1                 $d.5
     6f5      6f5      37b     1         /tmp/commonlibs-3fac75.o:(.debug_info)
     6f5      6f5        0     1                 $d.4
       0        0      245     1 .debug_str
       0        0      245     1         <internal>:(.debug_str)
       0        0       42     1 .comment
       0        0       42     1         <internal>:(.comment)
       0        0       2b     1 .riscv.attributes
       0        0       2b     1         <internal>:(.riscv.attributes)
       0        0      1b0     4 .debug_frame
       0        0       24     4         /tmp/user-d6f603.o:(.debug_frame)
       0        0        0     1                 
       0        0        0     1                 $d.6
      24       24       c4     4         /tmp/user_syscall-4314fd.o:(.debug_frame)
      24       24        0     1                 
      24       24        0     1                 $d.7
      e8       e8       34     4         /tmp/main-82f0b5.o:(.debug_frame)
      e8       e8        0     1                 
      e8       e8        0     1                 $d.10
     11c      11c       94     4         /tmp/commonlibs-3fac75.o:(.debug_frame)
     11c      11c        0     1                 
     11c      11c        0     1                 $d.9
       0        0      65b     1 .debug_line
       0        0       4c     1         /tmp/user-d6f603.o:(.debug_line)
       0        0        0     1                 .Lline_table_start0
       0        0        0     1                 $d.7
      4c       4c       e0     1         /tmp/user_syscall-4314fd.o:(.debug_line)
      4c       4c        0     1                 .Lline_table_start0
      4c       4c        0     1                 $d.8
     12c      12c       f2     1         /tmp/main-82f0b5.o:(.debug_line)
     12c      12c        0     1                 .Lline_table_start0
     12c      12c        0     1                 $d.11
     21e      21e      43d     1         /tmp/commonlibs-3fac75.o:(.debug_line)
     21e      21e        0     1                 .Lline_table_start0
     21e      21e        0     1                 $d.10
       0        0      5cd     1 .debug_loc
       0        0      1be     1         /tmp/user_syscall-4314fd.o:(.debug_loc)
       0        0        0     1                 
       0        0        0     1                 $d.1
      29       29        0     1                 
      47       47        0     1                 
      65       65        0     1                 
      83       83        0     1                 
      a1       a1        0     1                 
      bf       bf        0     1                 
      dd       dd        0     1                 
     106      106        0     1                 
     119      119        0     1                 
     139      139        0     1                 
     14c      14c        0     1                 
     15f      15f        0     1                 
     172      172        0     1                 
     185      185        0     1                 
     198      198        0     1                 
     1ab      1ab        0     1                 
     1be      1be       bd     1         /tmp/main-82f0b5.o:(.debug_loc)
     1be      1be        0     1                 
     1be      1be        0     1                 $d.3
     1f8      1f8        0     1                 
     221      221        0     1                 
     246      246        0     1                 
     268      268        0     1                 
     27b      27b      352     1         /tmp/commonlibs-3fac75.o:(.debug_loc)
     27b      27b        0     1                 
     27b      27b        0     1                 $d.2
     299      299        0     1                 
     2b7      2b7        0     1                 
     2d5      2d5        0     1                 
     316      316        0     1                 
     393      393        0     1                 
     3a6      3a6        0     1                 
     406      406        0     1                 
     431      431        0     1                 
     444      444        0     1                 
     478      478        0     1                 
     48d      48d        0     1                 
     4c1      4c1        0     1                 
     4d6      4d6        0     1                 
     4f4      4f4        0     1                 
     51d      51d        0     1                 
     546      546        0     1                 
     55b      55b        0     1                 
     584      584        0     1                 
     5ba      5ba        0     1                 
       0        0       48     1 .debug_ranges
       0        0       30     1         /tmp/main-82f0b5.o:(.debug_ranges)
       0        0        0     1                 
       0        0        0     1                 $d.6
      18       18        0     1                 
      30       30       18     1         /tmp/commonlibs-3fac75.o:(.debug_ranges)
      30       30        0     1                 
      30       30        0     1                 $d.5
       0        0     1f30     4 .symtab
       0        0     1f30     4         <internal>:(.symtab)
       0        0       a0     1 .shstrtab
       0        0       a0     1         <internal>:(.shstrtab)
       0        0      186     1 .strtab
       0        0      186     1         <internal>:(.strtab)
