     VMA      LMA     Size Align Out     In      Symbol
       0        0  1000000     1 . = 0x1000000
 1000000  1000000      386     2 .text
 1000000  1000000        e     2         /tmp/user-2f32ef.o:(.text.start)
 1000000  1000000        0     1                 
 1000000  1000000        0     1                 
 1000000  1000000        0     1                 $x.0
 1000000  1000000        0     1                 
 1000000  1000000        e     1                 start
 100000e  100000e        0     1                 
 100000e  100000e        0     1                 
 100000e  100000e        0     2         /tmp/user-2f32ef.o:(.text)
 100000e  100000e       92     2         /tmp/user_syscall-d18132.o:(.text)
 100000e  100000e        0     1                 
 100000e  100000e        0     1                 
 100000e  100000e        0     1                 $x.0
 100000e  100000e        0     1                 
 100000e  100000e       10     1                 syscall
 1000010  1000010        0     1                 
 100001c  100001c        0     1                 
 100001e  100001e        0     1                 
 100001e  100001e        0     1                 
 100001e  100001e        0     1                 
 100001e  100001e        c     1                 putchar
 1000028  1000028        0     1                 
 100002a  100002a        0     1                 
 100002a  100002a        0     1                 
 100002a  100002a        0     1                 
 100002a  100002a        e     1                 getchar
 1000036  1000036        0     1                 
 1000038  1000038        0     1                 
 1000038  1000038        0     1                 
 1000038  1000038        0     1                 
 1000038  1000038        a     1                 ps
 1000040  1000040        0     1                 
 1000042  1000042        0     1                 
 1000042  1000042        0     1                 
 1000042  1000042        0     1                 
 1000042  1000042        c     1                 clone
 100004c  100004c        0     1                 
 100004e  100004e        0     1                 
 100004e  100004e        0     1                 
 100004e  100004e        0     1                 
 100004e  100004e        c     1                 spawn
 1000058  1000058        0     1                 
 100005a  100005a        0     1                 
 100005a  100005a        0     1                 
 100005a  100005a        0     1                 
 100005a  100005a        c     1                 waitpid
 1000064  1000064        0     1                 
 1000066  1000066        0     1                 
 1000066  1000066        0     1                 
 1000066  1000066        0     1                 
 1000066  1000066        a     1                 ipc_send
 100006e  100006e        0     1                 
 1000070  1000070        0     1                 
 1000070  1000070        0     1                 
 1000070  1000070        0     1                 
 1000070  1000070        c     1                 ipc_recv
 100007a  100007a        0     1                 
 100007c  100007c        0     1                 
 100007c  100007c        0     1                 
 100007c  100007c        0     1                 
 100007c  100007c        c     1                 bitmap
 1000086  1000086        0     1                 
 1000088  1000088        0     1                 
 1000088  1000088        0     1                 
 1000088  1000088        0     1                 
 1000088  1000088        c     1                 kill
 1000092  1000092        0     1                 
 1000094  1000094        0     1                 
 1000094  1000094        0     1                 
 1000094  1000094        0     1                 
 1000094  1000094        c     1                 exit
 10000a0  10000a0        0     1                 
 10000a0  10000a0       94     2         /tmp/main-5ea9c3.o:(.text)
 10000a0  10000a0        0     1                 
 10000a0  10000a0        0     1                 
 10000a0  10000a0        0     1                 $x.0
 10000a0  10000a0        0     1                 
 10000a0  10000a0       94     1                 main
 10000b4  10000b4        0     1                 
 10000be  10000be        0     1                 
 10000be  10000be        0     1                 
 10000c4  10000c4        0     1                 
 10000c4  10000c4        0     1                 
 10000c8  10000c8        0     1                 
 10000c8  10000c8        0     1                 .LBB0_1
 10000c8  10000c8        0     1                 
 10000ca  10000ca        0     1                 .LBB0_2
 10000ca  10000ca        0     1                 
 10000ca  10000ca        0     1                 
 10000fc  10000fc        0     1                 .LBB0_3
 10000fc  10000fc        0     1                 
 1000100  1000100        0     1                 
 1000106  1000106        0     1                 
 1000106  1000106        0     1                 .LBB0_4
 1000106  1000106        0     1                 
 100010c  100010c        0     1                 
 100010c  100010c        0     1                 
 100010e  100010e        0     1                 
 1000112  1000112        0     1                 .LBB0_5
 1000112  1000112        0     1                 
 1000112  1000112        0     1                 
 1000114  1000114        0     1                 
 1000116  1000116        0     1                 
 1000118  1000118        0     1                 
 1000118  1000118        0     1                 
 100011e  100011e        0     1                 
 1000124  1000124        0     1                 .LBB0_8
 1000124  1000124        0     1                 
 1000124  1000124        0     1                 
 1000128  1000128        0     1                 
 1000128  1000128        0     1                 
 100012e  100012e        0     1                 
 1000134  1000134        0     1                 
 1000134  1000134        0     1                 
 1000134  1000134        0     1                 
 1000134  1000134      252     2         /tmp/commonlibs-d063c4.o:(.text)
 1000134  1000134        0     1                 
 1000134  1000134        0     1                 
 1000134  1000134        0     1                 $x.0
 1000134  1000134        0     1                 
 1000134  1000134      1a6     1                 printf
 1000162  1000162        0     1                 
 100018a  100018a        0     1                 .LBB0_1
 100018a  100018a        0     1                 
 100018e  100018e        0     1                 .LBB0_2
 100018e  100018e        0     1                 
 1000190  1000190        0     1                 .LBB0_3
 1000190  1000190        0     1                 
 1000194  1000194        0     1                 
 100019c  100019c        0     1                 .LBB0_5
 100019c  100019c        0     1                 
 100019e  100019e        0     1                 
 100019e  100019e        0     1                 
 10001a0  10001a0        0     1                 
 10001a2  10001a2        0     1                 .LBB0_6
 10001a2  10001a2        0     1                 
 10001a6  10001a6        0     1                 
 10001a8  10001a8        0     1                 
 10001b8  10001b8        0     1                 
 10001b8  10001b8        0     1                 
 10001c4  10001c4        0     1                 
 10001c4  10001c4        0     1                 
 10001c8  10001c8        0     1                 
 10001c8  10001c8        0     1                 
 10001ca  10001ca        0     1                 
 10001d0  10001d0        0     1                 .LBB0_11
 10001d0  10001d0        0     1                 
 10001d0  10001d0        0     1                 
 10001d8  10001d8        0     1                 
 10001d8  10001d8        0     1                 
 10001e2  10001e2        0     1                 
 10001e2  10001e2        0     1                 
 10001e6  10001e6        0     1                 
 10001e6  10001e6        0     1                 
 10001e8  10001e8        0     1                 
 10001ec  10001ec        0     1                 
 10001ee  10001ee        0     1                 
 10001ee  10001ee        0     1                 
 10001f4  10001f4        0     1                 
 10001f4  10001f4        0     1                 
 10001f6  10001f6        0     1                 
 10001fa  10001fa        0     1                 
 10001fc  10001fc        0     1                 
 10001fc  10001fc        0     1                 
 1000202  1000202        0     1                 
 1000202  1000202        0     1                 
 1000204  1000204        0     1                 
 1000208  1000208        0     1                 
 100020a  100020a        0     1                 
 100020a  100020a        0     1                 
 1000210  1000210        0     1                 
 1000210  1000210        0     1                 
 1000212  1000212        0     1                 
 1000216  1000216        0     1                 
 1000218  1000218        0     1                 
 1000218  1000218        0     1                 
 100021e  100021e        0     1                 
 100021e  100021e        0     1                 
 1000220  1000220        0     1                 
 1000224  1000224        0     1                 
 1000226  1000226        0     1                 
 1000226  1000226        0     1                 
 100022c  100022c        0     1                 
 100022c  100022c        0     1                 
 100022e  100022e        0     1                 
 1000232  1000232        0     1                 
 1000234  1000234        0     1                 
 1000234  1000234        0     1                 
 100023a  100023a        0     1                 
 100023a  100023a        0     1                 
 100023c  100023c        0     1                 
 1000240  1000240        0     1                 
 1000242  1000242        0     1                 
 1000242  1000242        0     1                 
 1000244  1000244        0     1                 
 1000244  1000244        0     1                 
 1000246  1000246        0     1                 
 100024a  100024a        0     1                 
 100024a  100024a        0     1                 
 100024c  100024c        0     1                 
 100024c  100024c        0     1                 
 100024e  100024e        0     1                 
 1000250  1000250        0     1                 .LBB0_14
 1000250  1000250        0     1                 
 1000250  1000250        0     1                 
 100025a  100025a        0     1                 
 100025a  100025a        0     1                 
 100025e  100025e        0     1                 
 1000264  1000264        0     1                 
 1000264  1000264        0     1                 .LBB0_16
 1000264  1000264        0     1                 
 100026a  100026a        0     1                 
 100026a  100026a        0     1                 
 100026e  100026e        0     1                 
 1000270  1000270        0     1                 
 1000274  1000274        0     1                 .LBB0_17
 1000274  1000274        0     1                 
 1000274  1000274        0     1                 
 100027a  100027a        0     1                 
 100027a  100027a        0     1                 
 100027e  100027e        0     1                 
 100027e  100027e        0     1                 
 1000280  1000280        0     1                 
 1000284  1000284        0     1                 .LBB0_18
 1000284  1000284        0     1                 
 1000286  1000286        0     1                 
 1000286  1000286        0     1                 .LBB0_19
 1000286  1000286        0     1                 
 100028a  100028a        0     1                 
 100028e  100028e        0     1                 
 1000292  1000292        0     1                 .LBB0_20
 1000292  1000292        0     1                 
 1000292  1000292        0     1                 
 1000294  1000294        0     1                 
 1000294  1000294        0     1                 
 1000298  1000298        0     1                 
 100029c  100029c        0     1                 
 10002a2  10002a2        0     1                 
 10002a2  10002a2        0     1                 
 10002aa  10002aa        0     1                 
 10002b0  10002b0        0     1                 
 10002b0  10002b0        0     1                 
 10002b6  10002b6        0     1                 .LBB0_21
 10002b6  10002b6        0     1                 
 10002b6  10002b6        0     1                 
 10002bc  10002bc        0     1                 .LBB0_22
 10002bc  10002bc        0     1                 
 10002bc  10002bc        0     1                 
 10002c0  10002c0        0     1                 
 10002d6  10002d6        0     1                 
 10002da  10002da        0     1                 
 10002da  10002da        0     1                 
 10002da  10002da        0     1                 
 10002da  10002da        0     1                 
 10002da  10002da        0     1                 
 10002da  10002da       1c     1                 memcpy
 10002de  10002de        0     1                 
 10002de  10002de        0     1                 
 10002e0  10002e0        0     1                 
 10002e0  10002e0        0     1                 .LBB1_2
 10002e0  10002e0        0     1                 
 10002e4  10002e4        0     1                 
 10002e6  10002e6        0     1                 
 10002ea  10002ea        0     1                 
 10002ea  10002ea        0     1                 
 10002ee  10002ee        0     1                 
 10002f0  10002f0        0     1                 
 10002f0  10002f0        0     1                 
 10002f4  10002f4        0     1                 .LBB1_3
 10002f4  10002f4        0     1                 
 10002f4  10002f4        0     1                 
 10002f6  10002f6        0     1                 
 10002f6  10002f6        0     1                 
 10002f6  10002f6        0     1                 
 10002f6  10002f6        0     1                 
 10002f6  10002f6        0     1                 
 10002f6  10002f6       16     1                 memset
 10002fa  10002fa        0     1                 
 10002fa  10002fa        0     1                 
 10002fc  10002fc        0     1                 
 10002fc  10002fc        0     1                 .LBB2_2
 10002fc  10002fc        0     1                 
 1000300  1000300        0     1                 
 1000300  1000300        0     1                 
 1000304  1000304        0     1                 
 1000306  1000306        0     1                 
 1000306  1000306        0     1                 
 100030a  100030a        0     1                 .LBB2_3
 100030a  100030a        0     1                 
 100030a  100030a        0     1                 
 100030c  100030c        0     1                 
 100030c  100030c        0     1                 
 100030c  100030c        0     1                 
 100030c  100030c        0     1                 
 100030c  100030c        0     1                 
 100030c  100030c       24     1                 strcpy
 1000312  1000312        0     1                 
 1000316  1000316        0     1                 
 1000316  1000316        0     1                 
 1000318  1000318        0     1                 
 1000318  1000318        0     1                 .LBB3_2
 1000318  1000318        0     1                 
 100031c  100031c        0     1                 
 1000320  1000320        0     1                 
 1000324  1000324        0     1                 
 1000324  1000324        0     1                 
 1000326  1000326        0     1                 
 1000326  1000326        0     1                 
 1000328  1000328        0     1                 
 100032a  100032a        0     1                 .LBB3_3
 100032a  100032a        0     1                 
 100032a  100032a        0     1                 
 100032e  100032e        0     1                 
 1000330  1000330        0     1                 
 1000330  1000330        0     1                 
 1000330  1000330        0     1                 
 1000330  1000330        0     1                 
 1000330  1000330        0     1                 
 1000330  1000330       28     1                 strcpy_s
 1000332  1000332        0     1                 
 100033a  100033a        0     1                 
 100033a  100033a        0     1                 .LBB4_2
 100033a  100033a        0     1                 
 100033e  100033e        0     1                 
 1000342  1000342        0     1                 
 1000342  1000342        0     1                 
 1000346  1000346        0     1                 
 1000346  1000346        0     1                 
 100034a  100034a        0     1                 
 100034e  100034e        0     1                 
 100034e  100034e        0     1                 
 1000352  1000352        0     1                 .LBB4_3
 1000352  1000352        0     1                 
 1000352  1000352        0     1                 
 1000356  1000356        0     1                 
 1000358  1000358        0     1                 
 1000358  1000358        0     1                 
 1000358  1000358        0     1                 
 1000358  1000358        0     1                 
 1000358  1000358        0     1                 
 1000358  1000358       2e     1                 strcmp
 100035c  100035c        0     1                 
 100035e  100035e        0     1                 
 1000360  1000360        0     1                 
 1000360  1000360        0     1                 .LBB5_2
 1000360  1000360        0     1                 
 1000368  1000368        0     1                 
 100036c  100036c        0     1                 
 100036c  100036c        0     1                 
 1000370  1000370        0     1                 
 1000372  1000372        0     1                 
 1000374  1000374        0     1                 
 1000376  1000376        0     1                 .LBB5_4
 1000376  1000376        0     1                 
 100037c  100037c        0     1                 .LBB5_5
 100037c  100037c        0     1                 
 100037c  100037c        0     1                 
 100037e  100037e        0     1                 .LBB5_6
 100037e  100037e        0     1                 
 100037e  100037e        0     1                 
 1000382  1000382        0     1                 
 1000382  1000382        0     1                 
 1000384  1000384        0     1                 
 1000386  1000386        0     1                 
 1000386  1000386        0     1                 
 1000388  1000388       98     4 .rodata
 1000388  1000388       7c     1         <internal>:(.rodata.str1.1)
 1000404  1000404       1c     4         /tmp/main-5ea9c3.o:(.rodata)
 1000404  1000404        c     1                 .Lswitch.table.main
 1000404  1000404        0     1                 $d.2
 1000410  1000410       10     1                 .Lswitch.table.main.11
 1000420  1000420    10000     4 .bss
 1000420  1000420        0     1         . = ALIGN ( 16 )
 1000420  1000420    10000     1         . += 64 * 1024
 1010420  1010420        0     1         __stack_top = .
 1010420  1010420        0     1         
       0        0      3d2     1 .debug_abbrev
       0        0       2c     1         /tmp/user-2f32ef.o:(.debug_abbrev)
       0        0        0     1                 $d.1
      2c       2c      14c     1         /tmp/user_syscall-d18132.o:(.debug_abbrev)
      2c       2c        0     1                 $d.2
     178      178      132     1         /tmp/main-5ea9c3.o:(.debug_abbrev)
     178      178        0     1                 $d.4
     2aa      2aa      128     1         /tmp/commonlibs-d063c4.o:(.debug_abbrev)
     2aa      2aa        0     1                 $d.3
       0        0      c3e     1 .debug_info
       0        0       38     1         /tmp/user-2f32ef.o:(.debug_info)
       0        0        0     1                 $d.2
      38       38      5ee     1         /tmp/user_syscall-d18132.o:(.debug_info)
      38       38        0     1                 $d.3
     626      626      29d     1         /tmp/main-5ea9c3.o:(.debug_info)
     626      626        0     1                 $d.5
     8c3      8c3      37b     1         /tmp/commonlibs-d063c4.o:(.debug_info)
     8c3      8c3        0     1                 $d.4
       0        0      28c     1 .debug_str
       0        0      28c     1         <internal>:(.debug_str)
       0        0       42     1 .comment
       0        0       42     1         <internal>:(.comment)
       0        0       2b     1 .riscv.attributes
       0        0       2b     1         <internal>:(.riscv.attributes)
       0        0      1c8     4 .debug_frame
       0        0       24     4         /tmp/user-2f32ef.o:(.debug_frame)
       0        0        0     1                 
       0        0        0     1                 $d.6
      24       24       d4     4         /tmp/user_syscall-d18132.o:(.debug_frame)
      24       24        0     1                 
      24       24        0     1                 $d.7
      f8       f8       3c     4         /tmp/main-5ea9c3.o:(.debug_frame)
      f8       f8        0     1                 
      f8       f8        0     1                 $d.10
     134      134       94     4         /tmp/commonlibs-d063c4.o:(.debug_frame)
     134      134        0     1                 
     134      134        0     1                 $d.9
       0        0      69d     1 .debug_line
       0        0       4c     1         /tmp/user-2f32ef.o:(.debug_line)
       0        0        0     1                 .Lline_table_start0
       0        0        0     1                 $d.7
      4c       4c      108     1         /tmp/user_syscall-d18132.o:(.debug_line)
      4c       4c        0     1                 .Lline_table_start0
      4c       4c        0     1                 $d.8
     154      154      10c     1         /tmp/main-5ea9c3.o:(.debug_line)
     154      154        0     1                 .Lline_table_start0
     154      154        0     1                 $d.11
     260      260      43d     1         /tmp/commonlibs-d063c4.o:(.debug_line)
     260      260        0     1                 .Lline_table_start0
     260      260        0     1                 $d.10
       0        0      5a1     1 .debug_loc
       0        0      1d1     1         /tmp/user_syscall-d18132.o:(.debug_loc)
       0        0        0     1                 
       0        0        0     1                 $d.1
      29       29        0     1                 
      47       47        0     1                 
      65       65        0     1                 
      83       83        0     1                 
      a1       a1        0     1                 
      bf       bf        0     1                 
      dd       dd        0     1                 
     106      106        0     1                 
     119      119        0     1                 
     139      139        0     1                 
     14c      14c        0     1                 
     15f      15f        0     1                 
     172      172        0     1                 
     185      185        0     1                 
     198      198        0     1                 
     1ab      1ab        0     1                 
     1be      1be        0     1                 
     1d1      1d1       7e     1         /tmp/main-5ea9c3.o:(.debug_loc)
     1d1      1d1        0     1                 
     1d1      1d1        0     1                 $d.3
     20b      20b        0     1                 
     229      229        0     1                 
     23c      23c        0     1                 
     24f      24f      352     1         /tmp/commonlibs-d063c4.o:(.debug_loc)
     24f      24f        0     1                 
     24f      24f        0     1                 $d.2
     26d      26d        0     1                 
     28b      28b        0     1                 
     2a9      2a9        0     1                 
     2ea      2ea        0     1                 
     367      367        0     1                 
     37a      37a        0     1                 
     3da      3da        0     1                 
     405      405        0     1                 
     418      418        0     1                 
     44c      44c        0     1                 
     461      461        0     1                 
     495      495        0     1                 
     4aa      4aa        0     1                 
     4c8      4c8        0     1                 
     4f1      4f1        0     1                 
     51a      51a        0     1                 
     52f      52f        0     1                 
     558      558        0     1                 
     58e      58e        0     1                 
       0        0       48     1 .debug_ranges
       0        0       30     1         /tmp/main-5ea9c3.o:(.debug_ranges)
       0        0        0     1                 
       0        0        0     1                 $d.6
      18       18        0     1                 
      30       30       18     1         /tmp/commonlibs-d063c4.o:(.debug_ranges)
      30       30        0     1                 
      30       30        0     1                 $d.5
       0        0     2080     4 .symtab
       0        0     2080     4         <internal>:(.symtab)
       0        0       a0     1 .shstrtab
       0        0       a0     1         <internal>:(.shstrtab)
       0        0      18b     1 .strtab
       0        0      18b     1         <internal>:(.strtab)
