     VMA      LMA     Size Align Out     In      Symbol
       0        0  1000000     1 . = 0x1000000
 1000000  1000000      432     2 .text
 1000000  1000000        e     2         /tmp/user-b57cb7.o:(.text.start)
 1000000  1000000        0     1                 
 1000000  1000000        0     1                 
 1000000  1000000        0     1                 $x.0
 1000000  1000000        0     1                 
 1000000  1000000        e     1                 start
 100000e  100000e        0     1                 
 100000e  100000e        0     1                 
 100000e  100000e        0     2         /tmp/user-b57cb7.o:(.text)
 100000e  100000e       66     2         /tmp/user_syscall-a5ffd5.o:(.text)
 100000e  100000e        0     1                 
 100000e  100000e        0     1                 
 100000e  100000e        0     1                 $x.0
 100000e  100000e        0     1                 
 100000e  100000e       10     1                 syscall
 1000010  1000010        0     1                 
 100001c  100001c        0     1                 
 100001e  100001e        0     1                 
 100001e  100001e        0     1                 
 100001e  100001e        0     1                 
 100001e  100001e        c     1                 putchar
 1000028  1000028        0     1                 
 100002a  100002a        0     1                 
 100002a  100002a        0     1                 
 100002a  100002a        0     1                 
 100002a  100002a        e     1                 getchar
 1000036  1000036        0     1                 
 1000038  1000038        0     1                 
 1000038  1000038        0     1                 
 1000038  1000038        0     1                 
 1000038  1000038        c     1                 ps
 1000042  1000042        0     1                 
 1000044  1000044        0     1                 
 1000044  1000044        0     1                 
 1000044  1000044        0     1                 
 1000044  1000044        c     1                 clone
 100004e  100004e        0     1                 
 1000050  1000050        0     1                 
 1000050  1000050        0     1                 
 1000050  1000050        0     1                 
 1000050  1000050        c     1                 spawn
 100005a  100005a        0     1                 
 100005c  100005c        0     1                 
 100005c  100005c        0     1                 
 100005c  100005c        0     1                 
 100005c  100005c        c     1                 bitmap
 1000066  1000066        0     1                 
 1000068  1000068        0     1                 
 1000068  1000068        0     1                 
 1000068  1000068        0     1                 
 1000068  1000068        c     1                 exit
 1000074  1000074        0     1                 
 1000074  1000074      16c     2         /tmp/main-e7f5ad.o:(.text)
 1000074  1000074        0     1                 
 1000074  1000074        0     1                 
 1000074  1000074        0     1                 $x.0
 1000074  1000074        0     1                 
 1000074  1000074      16c     1                 main
 10000fc  10000fc        0     1                 .LBB0_1
 10000fc  10000fc        0     1                 
 10000fc  10000fc        0     1                 
 1000100  1000100        0     1                 .LBB0_2
 1000100  1000100        0     1                 
 1000100  1000100        0     1                 
 1000104  1000104        0     1                 
 1000104  1000104        0     1                 
 1000106  1000106        0     1                 
 1000108  1000108        0     1                 
 100010c  100010c        0     1                 
 100010e  100010e        0     1                 
 100010e  100010e        0     1                 
 1000114  1000114        0     1                 
 1000114  1000114        0     1                 .LBB0_3
 1000114  1000114        0     1                 
 1000118  1000118        0     1                 
 100011c  100011c        0     1                 
 1000120  1000120        0     1                 
 1000120  1000120        0     1                 
 1000122  1000122        0     1                 
 1000124  1000124        0     1                 
 1000128  1000128        0     1                 
 100012a  100012a        0     1                 
 100012a  100012a        0     1                 
 100012e  100012e        0     1                 
 100012e  100012e        0     1                 
 1000130  1000130        0     1                 
 1000134  1000134        0     1                 
 1000134  1000134        0     1                 
 1000136  1000136        0     1                 .LBB0_6
 1000136  1000136        0     1                 
 1000136  1000136        0     1                 
 100013a  100013a        0     1                 
 100013a  100013a        0     1                 
 100013e  100013e        0     1                 
 100013e  100013e        0     1                 
 1000144  1000144        0     1                 
 1000144  1000144        0     1                 
 1000146  1000146        0     1                 
 1000146  1000146        0     1                 
 100014c  100014c        0     1                 
 100014c  100014c        0     1                 
 100014e  100014e        0     1                 
 1000154  1000154        0     1                 
 1000154  1000154        0     1                 
 1000156  1000156        0     1                 
 100015c  100015c        0     1                 
 100015c  100015c        0     1                 
 100015e  100015e        0     1                 
 1000164  1000164        0     1                 
 1000164  1000164        0     1                 
 1000166  1000166        0     1                 
 100016c  100016c        0     1                 
 100016c  100016c        0     1                 
 100016e  100016e        0     1                 .LBB0_12
 100016e  100016e        0     1                 
 100016e  100016e        0     1                 
 1000172  1000172        0     1                 
 1000174  1000174        0     1                 
 1000174  1000174        0     1                 
 1000178  1000178        0     1                 
 1000178  1000178        0     1                 .LBB0_13
 1000178  1000178        0     1                 
 100017c  100017c        0     1                 
 100017c  100017c        0     1                 
 1000180  1000180        0     1                 
 1000182  1000182        0     1                 
 1000182  1000182        0     1                 .LBB0_15
 1000182  1000182        0     1                 
 1000188  1000188        0     1                 
 1000188  1000188        0     1                 
 100018c  100018c        0     1                 
 100018c  100018c        0     1                 
 100018e  100018e        0     1                 
 1000190  1000190        0     1                 
 1000190  1000190        0     1                 
 1000198  1000198        0     1                 .LBB0_17
 1000198  1000198        0     1                 
 1000198  1000198        0     1                 
 100019c  100019c        0     1                 
 10001a4  10001a4        0     1                 
 10001ae  10001ae        0     1                 .LBB0_19
 10001ae  10001ae        0     1                 
 10001ae  10001ae        0     1                 
 10001b0  10001b0        0     1                 
 10001b0  10001b0        0     1                 
 10001b8  10001b8        0     1                 
 10001b8  10001b8        0     1                 .LBB0_20
 10001b8  10001b8        0     1                 
 10001ba  10001ba        0     1                 
 10001ba  10001ba        0     1                 
 10001bc  10001bc        0     1                 
 10001c2  10001c2        0     1                 
 10001c2  10001c2        0     1                 
 10001c6  10001c6        0     1                 
 10001c6  10001c6        0     1                 
 10001ca  10001ca        0     1                 .LBB0_21
 10001ca  10001ca        0     1                 
 10001ca  10001ca        0     1                 
 10001d0  10001d0        0     1                 
 10001d6  10001d6        0     1                 
 10001d6  10001d6        0     1                 
 10001d8  10001d8        0     1                 .LBB0_22
 10001d8  10001d8        0     1                 
 10001da  10001da        0     1                 
 10001da  10001da        0     1                 
 10001dc  10001dc        0     1                 
 10001dc  10001dc        0     1                 
 10001de  10001de        0     1                 .LBB0_23
 10001de  10001de        0     1                 
 10001de  10001de        0     1                 
 10001e0  10001e0        0     1                 
 10001e0  10001e0        0     1                 
 10001e0  10001e0        0     1                 
 10001e0  10001e0      252     2         /tmp/commonlibs-a4bd3f.o:(.text)
 10001e0  10001e0        0     1                 
 10001e0  10001e0        0     1                 
 10001e0  10001e0        0     1                 $x.0
 10001e0  10001e0        0     1                 
 10001e0  10001e0      1a6     1                 printf
 100020e  100020e        0     1                 
 1000236  1000236        0     1                 .LBB0_1
 1000236  1000236        0     1                 
 100023a  100023a        0     1                 .LBB0_2
 100023a  100023a        0     1                 
 100023c  100023c        0     1                 .LBB0_3
 100023c  100023c        0     1                 
 1000240  1000240        0     1                 
 1000248  1000248        0     1                 .LBB0_5
 1000248  1000248        0     1                 
 100024a  100024a        0     1                 
 100024a  100024a        0     1                 
 100024c  100024c        0     1                 
 100024e  100024e        0     1                 .LBB0_6
 100024e  100024e        0     1                 
 1000252  1000252        0     1                 
 1000254  1000254        0     1                 
 1000264  1000264        0     1                 
 1000264  1000264        0     1                 
 1000270  1000270        0     1                 
 1000270  1000270        0     1                 
 1000274  1000274        0     1                 
 1000274  1000274        0     1                 
 1000276  1000276        0     1                 
 100027c  100027c        0     1                 .LBB0_11
 100027c  100027c        0     1                 
 100027c  100027c        0     1                 
 1000284  1000284        0     1                 
 1000284  1000284        0     1                 
 100028e  100028e        0     1                 
 100028e  100028e        0     1                 
 1000292  1000292        0     1                 
 1000292  1000292        0     1                 
 1000294  1000294        0     1                 
 1000298  1000298        0     1                 
 100029a  100029a        0     1                 
 100029a  100029a        0     1                 
 10002a0  10002a0        0     1                 
 10002a0  10002a0        0     1                 
 10002a2  10002a2        0     1                 
 10002a6  10002a6        0     1                 
 10002a8  10002a8        0     1                 
 10002a8  10002a8        0     1                 
 10002ae  10002ae        0     1                 
 10002ae  10002ae        0     1                 
 10002b0  10002b0        0     1                 
 10002b4  10002b4        0     1                 
 10002b6  10002b6        0     1                 
 10002b6  10002b6        0     1                 
 10002bc  10002bc        0     1                 
 10002bc  10002bc        0     1                 
 10002be  10002be        0     1                 
 10002c2  10002c2        0     1                 
 10002c4  10002c4        0     1                 
 10002c4  10002c4        0     1                 
 10002ca  10002ca        0     1                 
 10002ca  10002ca        0     1                 
 10002cc  10002cc        0     1                 
 10002d0  10002d0        0     1                 
 10002d2  10002d2        0     1                 
 10002d2  10002d2        0     1                 
 10002d8  10002d8        0     1                 
 10002d8  10002d8        0     1                 
 10002da  10002da        0     1                 
 10002de  10002de        0     1                 
 10002e0  10002e0        0     1                 
 10002e0  10002e0        0     1                 
 10002e6  10002e6        0     1                 
 10002e6  10002e6        0     1                 
 10002e8  10002e8        0     1                 
 10002ec  10002ec        0     1                 
 10002ee  10002ee        0     1                 
 10002ee  10002ee        0     1                 
 10002f0  10002f0        0     1                 
 10002f0  10002f0        0     1                 
 10002f2  10002f2        0     1                 
 10002f6  10002f6        0     1                 
 10002f6  10002f6        0     1                 
 10002f8  10002f8        0     1                 
 10002f8  10002f8        0     1                 
 10002fa  10002fa        0     1                 
 10002fc  10002fc        0     1                 .LBB0_14
 10002fc  10002fc        0     1                 
 10002fc  10002fc        0     1                 
 1000306  1000306        0     1                 
 1000306  1000306        0     1                 
 100030a  100030a        0     1                 
 1000310  1000310        0     1                 
 1000310  1000310        0     1                 .LBB0_16
 1000310  1000310        0     1                 
 1000316  1000316        0     1                 
 1000316  1000316        0     1                 
 100031a  100031a        0     1                 
 100031c  100031c        0     1                 
 1000320  1000320        0     1                 .LBB0_17
 1000320  1000320        0     1                 
 1000320  1000320        0     1                 
 1000326  1000326        0     1                 
 1000326  1000326        0     1                 
 100032a  100032a        0     1                 
 100032a  100032a        0     1                 
 100032c  100032c        0     1                 
 1000330  1000330        0     1                 .LBB0_18
 1000330  1000330        0     1                 
 1000332  1000332        0     1                 
 1000332  1000332        0     1                 .LBB0_19
 1000332  1000332        0     1                 
 1000336  1000336        0     1                 
 100033a  100033a        0     1                 
 100033e  100033e        0     1                 .LBB0_20
 100033e  100033e        0     1                 
 100033e  100033e        0     1                 
 1000340  1000340        0     1                 
 1000340  1000340        0     1                 
 1000344  1000344        0     1                 
 1000348  1000348        0     1                 
 100034e  100034e        0     1                 
 100034e  100034e        0     1                 
 1000356  1000356        0     1                 
 100035c  100035c        0     1                 
 100035c  100035c        0     1                 
 1000362  1000362        0     1                 .LBB0_21
 1000362  1000362        0     1                 
 1000362  1000362        0     1                 
 1000368  1000368        0     1                 .LBB0_22
 1000368  1000368        0     1                 
 1000368  1000368        0     1                 
 100036c  100036c        0     1                 
 1000382  1000382        0     1                 
 1000386  1000386        0     1                 
 1000386  1000386        0     1                 
 1000386  1000386        0     1                 
 1000386  1000386        0     1                 
 1000386  1000386        0     1                 
 1000386  1000386       1c     1                 memcpy
 100038a  100038a        0     1                 
 100038a  100038a        0     1                 
 100038c  100038c        0     1                 
 100038c  100038c        0     1                 .LBB1_2
 100038c  100038c        0     1                 
 1000390  1000390        0     1                 
 1000392  1000392        0     1                 
 1000396  1000396        0     1                 
 1000396  1000396        0     1                 
 100039a  100039a        0     1                 
 100039c  100039c        0     1                 
 100039c  100039c        0     1                 
 10003a0  10003a0        0     1                 .LBB1_3
 10003a0  10003a0        0     1                 
 10003a0  10003a0        0     1                 
 10003a2  10003a2        0     1                 
 10003a2  10003a2        0     1                 
 10003a2  10003a2        0     1                 
 10003a2  10003a2        0     1                 
 10003a2  10003a2        0     1                 
 10003a2  10003a2       16     1                 memset
 10003a6  10003a6        0     1                 
 10003a6  10003a6        0     1                 
 10003a8  10003a8        0     1                 
 10003a8  10003a8        0     1                 .LBB2_2
 10003a8  10003a8        0     1                 
 10003ac  10003ac        0     1                 
 10003ac  10003ac        0     1                 
 10003b0  10003b0        0     1                 
 10003b2  10003b2        0     1                 
 10003b2  10003b2        0     1                 
 10003b6  10003b6        0     1                 .LBB2_3
 10003b6  10003b6        0     1                 
 10003b6  10003b6        0     1                 
 10003b8  10003b8        0     1                 
 10003b8  10003b8        0     1                 
 10003b8  10003b8        0     1                 
 10003b8  10003b8        0     1                 
 10003b8  10003b8        0     1                 
 10003b8  10003b8       24     1                 strcpy
 10003be  10003be        0     1                 
 10003c2  10003c2        0     1                 
 10003c2  10003c2        0     1                 
 10003c4  10003c4        0     1                 
 10003c4  10003c4        0     1                 .LBB3_2
 10003c4  10003c4        0     1                 
 10003c8  10003c8        0     1                 
 10003cc  10003cc        0     1                 
 10003d0  10003d0        0     1                 
 10003d0  10003d0        0     1                 
 10003d2  10003d2        0     1                 
 10003d2  10003d2        0     1                 
 10003d4  10003d4        0     1                 
 10003d6  10003d6        0     1                 .LBB3_3
 10003d6  10003d6        0     1                 
 10003d6  10003d6        0     1                 
 10003da  10003da        0     1                 
 10003dc  10003dc        0     1                 
 10003dc  10003dc        0     1                 
 10003dc  10003dc        0     1                 
 10003dc  10003dc        0     1                 
 10003dc  10003dc        0     1                 
 10003dc  10003dc       28     1                 strcpy_s
 10003de  10003de        0     1                 
 10003e6  10003e6        0     1                 
 10003e6  10003e6        0     1                 .LBB4_2
 10003e6  10003e6        0     1                 
 10003ea  10003ea        0     1                 
 10003ee  10003ee        0     1                 
 10003ee  10003ee        0     1                 
 10003f2  10003f2        0     1                 
 10003f2  10003f2        0     1                 
 10003f6  10003f6        0     1                 
 10003fa  10003fa        0     1                 
 10003fa  10003fa        0     1                 
 10003fe  10003fe        0     1                 .LBB4_3
 10003fe  10003fe        0     1                 
 10003fe  10003fe        0     1                 
 1000402  1000402        0     1                 
 1000404  1000404        0     1                 
 1000404  1000404        0     1                 
 1000404  1000404        0     1                 
 1000404  1000404        0     1                 
 1000404  1000404        0     1                 
 1000404  1000404       2e     1                 strcmp
 1000408  1000408        0     1                 
 100040a  100040a        0     1                 
 100040c  100040c        0     1                 
 100040c  100040c        0     1                 .LBB5_2
 100040c  100040c        0     1                 
 1000414  1000414        0     1                 
 1000418  1000418        0     1                 
 1000418  1000418        0     1                 
 100041c  100041c        0     1                 
 100041e  100041e        0     1                 
 1000420  1000420        0     1                 
 1000422  1000422        0     1                 .LBB5_4
 1000422  1000422        0     1                 
 1000428  1000428        0     1                 .LBB5_5
 1000428  1000428        0     1                 
 1000428  1000428        0     1                 
 100042a  100042a        0     1                 .LBB5_6
 100042a  100042a        0     1                 
 100042a  100042a        0     1                 
 100042e  100042e        0     1                 
 100042e  100042e        0     1                 
 1000430  1000430        0     1                 
 1000432  1000432        0     1                 
 1000432  1000432        0     1                 
 1000434  1000434       a6     4 .rodata
 1000434  1000434       a6     1         <internal>:(.rodata.str1.1)
 10004dc  10004dc    10004     4 .bss
 10004dc  10004dc        4     1         . = ALIGN ( 16 )
 10004e0  10004e0    10000     1         . += 64 * 1024
 10104e0  10104e0        0     1         __stack_top = .
 10104e0  10104e0        0     1         
       0        0      3af     1 .debug_abbrev
       0        0       2c     1         /tmp/user-b57cb7.o:(.debug_abbrev)
       0        0        0     1                 $d.1
      2c       2c       ff     1         /tmp/user_syscall-a5ffd5.o:(.debug_abbrev)
      2c       2c        0     1                 $d.2
     12b      12b      15c     1         /tmp/main-e7f5ad.o:(.debug_abbrev)
     12b      12b        0     1                 $d.3
     287      287      128     1         /tmp/commonlibs-a4bd3f.o:(.debug_abbrev)
     287      287        0     1                 $d.3
       0        0      bb4     1 .debug_info
       0        0       38     1         /tmp/user-b57cb7.o:(.debug_info)
       0        0        0     1                 $d.2
      38       38      3ce     1         /tmp/user_syscall-a5ffd5.o:(.debug_info)
      38       38        0     1                 $d.3
     406      406      433     1         /tmp/main-e7f5ad.o:(.debug_info)
     406      406        0     1                 $d.4
     839      839      37b     1         /tmp/commonlibs-a4bd3f.o:(.debug_info)
     839      839        0     1                 $d.4
       0        0      249     1 .debug_str
       0        0      249     1         <internal>:(.debug_str)
       0        0       42     1 .comment
       0        0       42     1         <internal>:(.comment)
       0        0       2b     1 .riscv.attributes
       0        0       2b     1         <internal>:(.riscv.attributes)
       0        0      190     4 .debug_frame
       0        0       24     4         /tmp/user-b57cb7.o:(.debug_frame)
       0        0        0     1                 
       0        0        0     1                 $d.6
      24       24       94     4         /tmp/user_syscall-a5ffd5.o:(.debug_frame)
      24       24        0     1                 
      24       24        0     1                 $d.7
      b8       b8       44     4         /tmp/main-e7f5ad.o:(.debug_frame)
      b8       b8        0     1                 
      b8       b8        0     1                 $d.9
      fc       fc       94     4         /tmp/commonlibs-a4bd3f.o:(.debug_frame)
      fc       fc        0     1                 
      fc       fc        0     1                 $d.9
       0        0      775     1 .debug_line
       0        0       4c     1         /tmp/user-b57cb7.o:(.debug_line)
       0        0        0     1                 .Lline_table_start0
       0        0        0     1                 $d.7
      4c       4c       b9     1         /tmp/user_syscall-a5ffd5.o:(.debug_line)
      4c       4c        0     1                 .Lline_table_start0
      4c       4c        0     1                 $d.8
     105      105      233     1         /tmp/main-e7f5ad.o:(.debug_line)
     105      105        0     1                 .Lline_table_start0
     105      105        0     1                 $d.10
     338      338      43d     1         /tmp/commonlibs-a4bd3f.o:(.debug_line)
     338      338        0     1                 .Lline_table_start0
     338      338        0     1                 $d.10
       0        0      6b2     1 .debug_loc
       0        0      185     1         /tmp/user_syscall-a5ffd5.o:(.debug_loc)
       0        0        0     1                 
       0        0        0     1                 $d.1
      29       29        0     1                 
      47       47        0     1                 
      65       65        0     1                 
      83       83        0     1                 
      a1       a1        0     1                 
      bf       bf        0     1                 
      dd       dd        0     1                 
     106      106        0     1                 
     119      119        0     1                 
     139      139        0     1                 
     14c      14c        0     1                 
     15f      15f        0     1                 
     172      172        0     1                 
     185      185      1db     1         /tmp/main-e7f5ad.o:(.debug_loc)
     185      185        0     1                 
     185      185        0     1                 $d.2
     1cd      1cd        0     1                 
     1eb      1eb        0     1                 
     209      209        0     1                 
     229      229        0     1                 
     265      265        0     1                 
     283      283        0     1                 
     2ae      2ae        0     1                 
     2cc      2cc        0     1                 
     2f7      2f7        0     1                 
     317      317        0     1                 
     342      342        0     1                 
     360      360      352     1         /tmp/commonlibs-a4bd3f.o:(.debug_loc)
     360      360        0     1                 
     360      360        0     1                 $d.2
     37e      37e        0     1                 
     39c      39c        0     1                 
     3ba      3ba        0     1                 
     3fb      3fb        0     1                 
     478      478        0     1                 
     48b      48b        0     1                 
     4eb      4eb        0     1                 
     516      516        0     1                 
     529      529        0     1                 
     55d      55d        0     1                 
     572      572        0     1                 
     5a6      5a6        0     1                 
     5bb      5bb        0     1                 
     5d9      5d9        0     1                 
     602      602        0     1                 
     62b      62b        0     1                 
     640      640        0     1                 
     669      669        0     1                 
     69f      69f        0     1                 
       0        0       48     1 .debug_ranges
       0        0       30     1         /tmp/main-e7f5ad.o:(.debug_ranges)
       0        0        0     1                 
       0        0        0     1                 $d.5
      18       18        0     1                 
      30       30       18     1         /tmp/commonlibs-a4bd3f.o:(.debug_ranges)
      30       30        0     1                 
      30       30        0     1                 $d.5
       0        0     2390     4 .symtab
       0        0     2390     4         <internal>:(.symtab)
       0        0       a0     1 .shstrtab
       0        0       a0     1         <internal>:(.shstrtab)
       0        0      166     1 .strtab
       0        0      166     1         <internal>:(.strtab)
